Archive member included to satisfy reference by file (symbol)

e:/chibistudio/tools/gnu tools arm embedded/6.3 2017q1/bin/../lib/gcc/arm-none-eabi/6.3.1/../../../../arm-none-eabi/lib/thumb/v7e-m\libg.a(lib_a-atoi.o)
                              build/obj/sonar_sensors.o (symbol from plugin) (atoi)
e:/chibistudio/tools/gnu tools arm embedded/6.3 2017q1/bin/../lib/gcc/arm-none-eabi/6.3.1/../../../../arm-none-eabi/lib/thumb/v7e-m\libg.a(lib_a-strtol.o)
                              e:/chibistudio/tools/gnu tools arm embedded/6.3 2017q1/bin/../lib/gcc/arm-none-eabi/6.3.1/../../../../arm-none-eabi/lib/thumb/v7e-m\libg.a(lib_a-atoi.o) (_strtol_r)
e:/chibistudio/tools/gnu tools arm embedded/6.3 2017q1/bin/../lib/gcc/arm-none-eabi/6.3.1/../../../../arm-none-eabi/lib/thumb/v7e-m\libg.a(lib_a-impure.o)
                              e:/chibistudio/tools/gnu tools arm embedded/6.3 2017q1/bin/../lib/gcc/arm-none-eabi/6.3.1/../../../../arm-none-eabi/lib/thumb/v7e-m\libg.a(lib_a-strtol.o) (_impure_ptr)
e:/chibistudio/tools/gnu tools arm embedded/6.3 2017q1/bin/../lib/gcc/arm-none-eabi/6.3.1/../../../../arm-none-eabi/lib/thumb/v7e-m\libg.a(lib_a-locale.o)
                              e:/chibistudio/tools/gnu tools arm embedded/6.3 2017q1/bin/../lib/gcc/arm-none-eabi/6.3.1/../../../../arm-none-eabi/lib/thumb/v7e-m\libg.a(lib_a-strtol.o) (__locale_ctype_ptr_l)
e:/chibistudio/tools/gnu tools arm embedded/6.3 2017q1/bin/../lib/gcc/arm-none-eabi/6.3.1/../../../../arm-none-eabi/lib/thumb/v7e-m\libg.a(lib_a-mbtowc_r.o)
                              e:/chibistudio/tools/gnu tools arm embedded/6.3 2017q1/bin/../lib/gcc/arm-none-eabi/6.3.1/../../../../arm-none-eabi/lib/thumb/v7e-m\libg.a(lib_a-locale.o) (__ascii_mbtowc)
e:/chibistudio/tools/gnu tools arm embedded/6.3 2017q1/bin/../lib/gcc/arm-none-eabi/6.3.1/../../../../arm-none-eabi/lib/thumb/v7e-m\libg.a(lib_a-strcmp.o)
                              e:/chibistudio/tools/gnu tools arm embedded/6.3 2017q1/bin/../lib/gcc/arm-none-eabi/6.3.1/../../../../arm-none-eabi/lib/thumb/v7e-m\libg.a(lib_a-locale.o) (strcmp)
e:/chibistudio/tools/gnu tools arm embedded/6.3 2017q1/bin/../lib/gcc/arm-none-eabi/6.3.1/../../../../arm-none-eabi/lib/thumb/v7e-m\libg.a(lib_a-wctomb_r.o)
                              e:/chibistudio/tools/gnu tools arm embedded/6.3 2017q1/bin/../lib/gcc/arm-none-eabi/6.3.1/../../../../arm-none-eabi/lib/thumb/v7e-m\libg.a(lib_a-locale.o) (__ascii_wctomb)
e:/chibistudio/tools/gnu tools arm embedded/6.3 2017q1/bin/../lib/gcc/arm-none-eabi/6.3.1/../../../../arm-none-eabi/lib/thumb/v7e-m\libg.a(lib_a-ctype_.o)
                              e:/chibistudio/tools/gnu tools arm embedded/6.3 2017q1/bin/../lib/gcc/arm-none-eabi/6.3.1/../../../../arm-none-eabi/lib/thumb/v7e-m\libg.a(lib_a-locale.o) (_ctype_)
e:/chibistudio/tools/gnu tools arm embedded/6.3 2017q1/bin/../lib/gcc/arm-none-eabi/6.3.1/thumb/v7e-m\libgcc.a(_arm_addsubdf3.o)
                              C:\Users\CYIRKO~1\AppData\Local\Temp\ccYJVLXS.ltrans3.ltrans.o (__aeabi_dsub)
e:/chibistudio/tools/gnu tools arm embedded/6.3 2017q1/bin/../lib/gcc/arm-none-eabi/6.3.1/thumb/v7e-m\libgcc.a(_arm_muldivdf3.o)
                              C:\Users\CYIRKO~1\AppData\Local\Temp\ccYJVLXS.ltrans3.ltrans.o (__aeabi_dmul)
e:/chibistudio/tools/gnu tools arm embedded/6.3 2017q1/bin/../lib/gcc/arm-none-eabi/6.3.1/thumb/v7e-m\libgcc.a(_arm_cmpdf2.o)
                              C:\Users\CYIRKO~1\AppData\Local\Temp\ccYJVLXS.ltrans0.ltrans.o (__aeabi_dcmplt)
e:/chibistudio/tools/gnu tools arm embedded/6.3 2017q1/bin/../lib/gcc/arm-none-eabi/6.3.1/thumb/v7e-m\libgcc.a(_arm_fixdfsi.o)
                              C:\Users\CYIRKO~1\AppData\Local\Temp\ccYJVLXS.ltrans0.ltrans.o (__aeabi_d2iz)
e:/chibistudio/tools/gnu tools arm embedded/6.3 2017q1/bin/../lib/gcc/arm-none-eabi/6.3.1/thumb/v7e-m\libgcc.a(_arm_fixunsdfsi.o)
                              C:\Users\CYIRKO~1\AppData\Local\Temp\ccYJVLXS.ltrans3.ltrans.o (__aeabi_d2uiz)
e:/chibistudio/tools/gnu tools arm embedded/6.3 2017q1/bin/../lib/gcc/arm-none-eabi/6.3.1/thumb/v7e-m\libgcc.a(_arm_truncdfsf2.o)
                              C:\Users\CYIRKO~1\AppData\Local\Temp\ccYJVLXS.ltrans3.ltrans.o (__aeabi_d2f)
e:/chibistudio/tools/gnu tools arm embedded/6.3 2017q1/bin/../lib/gcc/arm-none-eabi/6.3.1/thumb/v7e-m\libgcc.a(_arm_addsubsf3.o)
                              C:\Users\CYIRKO~1\AppData\Local\Temp\ccYJVLXS.ltrans3.ltrans.o (__aeabi_fsub)
e:/chibistudio/tools/gnu tools arm embedded/6.3 2017q1/bin/../lib/gcc/arm-none-eabi/6.3.1/thumb/v7e-m\libgcc.a(_arm_muldivsf3.o)
                              C:\Users\CYIRKO~1\AppData\Local\Temp\ccYJVLXS.ltrans0.ltrans.o (__aeabi_fmul)
e:/chibistudio/tools/gnu tools arm embedded/6.3 2017q1/bin/../lib/gcc/arm-none-eabi/6.3.1/thumb/v7e-m\libgcc.a(_arm_cmpsf2.o)
                              C:\Users\CYIRKO~1\AppData\Local\Temp\ccYJVLXS.ltrans3.ltrans.o (__aeabi_fcmplt)
[...]
Memory Configuration

Name             Origin             Length             Attributes
flash0           0x08000000         0x00200000
flash1           0x00200000         0x00200000
flash2           0x00000000         0x00000000
flash3           0x00000000         0x00000000
flash4           0x00000000         0x00000000
flash5           0x00000000         0x00000000
flash6           0x00000000         0x00000000
flash7           0x00000000         0x00000000
ram0             0x20020000         0x00060000
ram1             0x20020000         0x0005c000
ram2             0x2007c000         0x00004000
ram3             0x20000000         0x00020000
ram4             0x00000000         0x00004000
ram5             0x40024000         0x00001000
ram6             0x00000000         0x00000000
ram7             0x00000000         0x00000000
*default*        0x00000000         0xffffffff

Linker script and memory map

LOAD build/obj/crt0_v7m.o
LOAD build/obj/chcoreasm_v7m.o
LOAD build/obj/crt1.o
LOAD C:\Users\CYIRKO~1\AppData\Local\Temp\ccYJVLXS.ltrans0.ltrans.o
LOAD C:\Users\CYIRKO~1\AppData\Local\Temp\ccYJVLXS.ltrans1.ltrans.o
LOAD C:\Users\CYIRKO~1\AppData\Local\Temp\ccYJVLXS.ltrans2.ltrans.o
LOAD C:\Users\CYIRKO~1\AppData\Local\Temp\ccYJVLXS.ltrans3.ltrans.o
LOAD C:\Users\CYIRKO~1\AppData\Local\Temp\ccYJVLXS.ltrans4.ltrans.o
LOAD build/obj/vectors.o
LOAD build/obj/chsys.o
LOAD build/obj/chdebug.o
LOAD build/obj/chtrace.o
LOAD build/obj/chvt.o
LOAD build/obj/chschd.o
LOAD build/obj/chthreads.o
LOAD build/obj/chtm.o
LOAD build/obj/chregistry.o
LOAD build/obj/chsem.o
LOAD build/obj/chmtx.o
LOAD build/obj/chcond.o
LOAD build/obj/chevents.o
LOAD build/obj/chmsg.o
LOAD build/obj/chdynamic.o
LOAD build/obj/chmboxes.o
LOAD build/obj/chmemcore.o
LOAD build/obj/chheap.o
LOAD build/obj/chmempools.o
LOAD build/obj/chcore.o
LOAD build/obj/chcore_v7m.o
LOAD build/obj/osal.o
LOAD build/obj/hal.o
LOAD build/obj/hal_st.o
LOAD build/obj/hal_buffers.o
LOAD build/obj/hal_queues.o
LOAD build/obj/hal_mmcsd.o
LOAD build/obj/hal_adc.o
LOAD build/obj/hal_dac.o
LOAD build/obj/hal_ext.o
LOAD build/obj/hal_gpt.o
LOAD build/obj/hal_pal.o
LOAD build/obj/hal_pwm.o
LOAD build/obj/hal_serial.o
LOAD build/obj/nvic.o
LOAD build/obj/hal_lld.o
LOAD build/obj/hal_ext_lld_isr.o
LOAD build/obj/hal_adc_lld.o
LOAD build/obj/hal_dac_lld.o
LOAD build/obj/stm32_dma.o
LOAD build/obj/hal_ext_lld.o
LOAD build/obj/hal_pal_lld.o
LOAD build/obj/hal_st_lld.o
LOAD build/obj/hal_gpt_lld.o
LOAD build/obj/hal_pwm_lld.o
LOAD build/obj/hal_serial_lld.o
LOAD build/obj/board.o
LOAD build/obj/chprintf.o
LOAD build/obj/memstreams.o
LOAD build/obj/nullstreams.o
LOAD build/obj/main.o
LOAD build/obj/ADC.o
LOAD build/obj/brake_sensor.o
LOAD build/obj/common.o
LOAD build/obj/drive_speed.o
LOAD build/obj/enc.o
LOAD build/obj/init_ADC.o
LOAD build/obj/motCtrl.o
LOAD build/obj/odometry.o
LOAD build/obj/sonar_sensors.o
LOAD build/obj/steering_wheel.o
LOAD build/obj/tf_calculation.o

.mstack         0x20000000      0x400
                0x20000000                . = ALIGN (0x8)
                0x20000000                __main_stack_base__ = .
                0x20000400                . = (. + __main_stack_size__)
 *fill*         0x20000000      0x400 
                0x20000400                . = ALIGN (0x8)
                0x20000400                __main_stack_end__ = .

.pstack         0x20000400      0x400
                0x20000400                __process_stack_base__ = .
                0x20000400                __main_thread_stack_base__ = .
                0x20000800                . = (. + __process_stack_size__)
 *fill*         0x20000400      0x400 
                0x20000800                . = ALIGN (0x8)
                0x20000800                __process_stack_end__ = .
                0x20000800                __main_thread_stack_end__ = .

.nocache        0x20000800        0x0
                0x20000800                __nocache_base__ = .
 *(.nocache)
 *(.nocache.*)
 *(.bss.__nocache_*)
                0x20000800                . = ALIGN (0x4)
                0x20000800                __nocache_end__ = .

.eth            0x20000800        0x0
                0x20000800                __eth_base__ = .
 *(.eth)
 *(.eth.*)
 *(.bss.__eth_*)
                0x20000800                . = ALIGN (0x4)
                0x20000800                __eth_end__ = .

.vectors        0x00200000      0x200 load address 0x08000000
 *(.vectors)
 .vectors       0x00200000      0x200 C:\Users\CYIRKO~1\AppData\Local\Temp\ccYJVLXS.ltrans2.ltrans.o
                0x00200000                _vectors

.xtors          0x00200200        0x0 load address 0x08000200
                0x00200200                __init_array_start = .
 *(SORT(.init_array.*))
 *(.init_array)
                0x00200200                __init_array_end = .
                0x00200200                __fini_array_start = .
 *(.fini_array)
 *(SORT(.fini_array.*))
                0x00200200                __fini_array_end = .

.text           0x00200200     0x4ca8 load address 0x08000200
 *(.text)
 .text          0x00200200       0xd4 build/obj/crt0_v7m.o
                0x00200200                Reset_Handler
 .text          0x002002d4       0x28 build/obj/chcoreasm_v7m.o
                0x002002d4                _port_switch
                0x002002e4                _port_thread_start
                0x002002f4                _port_switch_from_isr
                0x002002f8                _port_exit_from_isr
 .text          0x002002fc      0x370 e:/chibistudio/tools/gnu tools arm embedded/6.3 2017q1/bin/../lib/gcc/arm-none-eabi/6.3.1/thumb/v7e-m\libgcc.a(_arm_addsubdf3.o)
                0x002002fc                __aeabi_drsub
                0x00200304                __aeabi_dsub
                0x00200304                __subdf3
                0x00200308                __aeabi_dadd
                0x00200308                __adddf3
                0x00200580                __floatunsidf
                0x00200580                __aeabi_ui2d
                0x002005a0                __floatsidf
                0x002005a0                __aeabi_i2d
                0x002005c4                __aeabi_f2d
                0x002005c4                __extendsfdf2
                0x00200600                __floatundidf
                0x00200600                __aeabi_ul2d
                0x00200610                __floatdidf
                0x00200610                __aeabi_l2d
 .text          0x0020066c      0x424 e:/chibistudio/tools/gnu tools arm embedded/6.3 2017q1/bin/../lib/gcc/arm-none-eabi/6.3.1/thumb/v7e-m\libgcc.a(_arm_muldivdf3.o)
                0x0020066c                __aeabi_dmul
                0x0020066c                __muldf3
                0x002008c0                __divdf3
                0x002008c0                __aeabi_ddiv
 .text          0x00200a90      0x110 e:/chibistudio/tools/gnu tools arm embedded/6.3 2017q1/bin/../lib/gcc/arm-none-eabi/6.3.1/thumb/v7e-m\libgcc.a(_arm_cmpdf2.o)
                0x00200a90                __gtdf2
                0x00200a90                __gedf2
                0x00200a98                __ltdf2
                0x00200a98                __ledf2
                0x00200aa0                __nedf2
                0x00200aa0                __eqdf2
                0x00200aa0                __cmpdf2
                0x00200b1c                __aeabi_cdrcmple
                0x00200b2c                __aeabi_cdcmpeq
                0x00200b2c                __aeabi_cdcmple
                0x00200b3c                __aeabi_dcmpeq
                0x00200b50                __aeabi_dcmplt
                0x00200b64                __aeabi_dcmple
                0x00200b78                __aeabi_dcmpge
                0x00200b8c                __aeabi_dcmpgt
 .text          0x00200ba0       0x50 e:/chibistudio/tools/gnu tools arm embedded/6.3 2017q1/bin/../lib/gcc/arm-none-eabi/6.3.1/thumb/v7e-m\libgcc.a(_arm_fixdfsi.o)
                0x00200ba0                __aeabi_d2iz
                0x00200ba0                __fixdfsi
 .text          0x00200bf0       0x40 e:/chibistudio/tools/gnu tools arm embedded/6.3 2017q1/bin/../lib/gcc/arm-none-eabi/6.3.1/thumb/v7e-m\libgcc.a(_arm_fixunsdfsi.o)
                0x00200bf0                __aeabi_d2uiz
                0x00200bf0                __fixunsdfsi
 .text          0x00200c30       0xa0 e:/chibistudio/tools/gnu tools arm embedded/6.3 2017q1/bin/../lib/gcc/arm-none-eabi/6.3.1/thumb/v7e-m\libgcc.a(_arm_truncdfsf2.o)
                0x00200c30                __truncdfsf2
                0x00200c30                __aeabi_d2f
 .text          0x00200cd0      0x21c e:/chibistudio/tools/gnu tools arm embedded/6.3 2017q1/bin/../lib/gcc/arm-none-eabi/6.3.1/thumb/v7e-m\libgcc.a(_arm_addsubsf3.o)
                0x00200cd0                __aeabi_frsub
                0x00200cd8                __subsf3
                0x00200cd8                __aeabi_fsub
                0x00200cdc                __aeabi_fadd
                0x00200cdc                __addsf3
                0x00200e3c                __aeabi_ui2f
                0x00200e3c                __floatunsisf
                0x00200e44                __aeabi_i2f
                0x00200e44                __floatsisf
                0x00200e60                __aeabi_ul2f
                0x00200e60                __floatundisf
                0x00200e70                __aeabi_l2f
                0x00200e70                __floatdisf
 .text          0x00200eec      0x2a0 e:/chibistudio/tools/gnu tools arm embedded/6.3 2017q1/bin/../lib/gcc/arm-none-eabi/6.3.1/thumb/v7e-m\libgcc.a(_arm_muldivsf3.o)
                0x00200eec                __mulsf3
                0x00200eec                __aeabi_fmul
                0x00201054                __aeabi_fdiv
                0x00201054                __divsf3
 .text          0x0020118c       0xec e:/chibistudio/tools/gnu tools arm embedded/6.3 2017q1/bin/../lib/gcc/arm-none-eabi/6.3.1/thumb/v7e-m\libgcc.a(_arm_cmpsf2.o)
                0x0020118c                __gesf2
                0x0020118c                __gtsf2
                0x00201194                __lesf2
                0x00201194                __ltsf2
                0x0020119c                __nesf2
                0x0020119c                __eqsf2
                0x0020119c                __cmpsf2
                0x002011fc                __aeabi_cfrcmple
                0x00201204                __aeabi_cfcmpeq
                0x00201204                __aeabi_cfcmple
                0x00201214                __aeabi_fcmpeq
                0x00201228                __aeabi_fcmplt
                0x0020123c                __aeabi_fcmple
                0x00201250                __aeabi_fcmpge
                0x00201264                __aeabi_fcmpgt
 .text          0x00201278       0x4c e:/chibistudio/tools/gnu tools arm embedded/6.3 2017q1/bin/../lib/gcc/arm-none-eabi/6.3.1/thumb/v7e-m\libgcc.a(_arm_fixsfsi.o)
                0x00201278                __aeabi_f2iz
                0x00201278                __fixsfsi
 .text          0x002012c4       0x40 e:/chibistudio/tools/gnu tools arm embedded/6.3 2017q1/bin/../lib/gcc/arm-none-eabi/6.3.1/thumb/v7e-m\libgcc.a(_arm_fixunssfsi.o)
                0x002012c4                __fixunssfsi
                0x002012c4                __aeabi_f2uiz
 *(.text.*)
 *fill*         0x00201304        0xc 
 .text.startup.main
                0x00201310     0x11e4 C:\Users\CYIRKO~1\AppData\Local\Temp\ccYJVLXS.ltrans0.ltrans.o
                0x00201310                main
 *fill*         0x002024f4        0xc 
 .text.SVC_Handler
                0x00202500       0x1c C:\Users\CYIRKO~1\AppData\Local\Temp\ccYJVLXS.ltrans1.ltrans.o
                0x00202500                SVC_Handler
 *fill*         0x0020251c        0x4 
 .text.chCoreAllocAligned
                0x00202520       0x48 C:\Users\CYIRKO~1\AppData\Local\Temp\ccYJVLXS.ltrans1.ltrans.o
                0x00202520                chCoreAllocAligned
 *fill*         0x00202568        0x8 
 .text.wakeup   0x00202570       0x70 C:\Users\CYIRKO~1\AppData\Local\Temp\ccYJVLXS.ltrans1.ltrans.o
 .text._idle_thread.lto_priv.58
                0x002025e0        0x4 C:\Users\CYIRKO~1\AppData\Local\Temp\ccYJVLXS.ltrans1.ltrans.o
                0x002025e0                _idle_thread.lto_priv.58
 *fill*         0x002025e4        0xc 
 .text.chSchGoSleepS
                0x002025f0       0x28 C:\Users\CYIRKO~1\AppData\Local\Temp\ccYJVLXS.ltrans1.ltrans.o
 *fill*         0x00202618        0x8 
 .text.pwmEnableChannel
                0x00202620       0x40 C:\Users\CYIRKO~1\AppData\Local\Temp\ccYJVLXS.ltrans1.ltrans.o
                0x00202620                pwmEnableChannel
 .text._port_irq_epilogue
                0x00202660       0x5c C:\Users\CYIRKO~1\AppData\Local\Temp\ccYJVLXS.ltrans1.ltrans.o
                0x00202660                _port_irq_epilogue
 *fill*         0x002026bc        0x4 
 .text.Vector4C
                0x002026c0       0x30 C:\Users\CYIRKO~1\AppData\Local\Temp\ccYJVLXS.ltrans1.ltrans.o
                0x002026c0                Vector4C
 .text.Vector48
                0x002026f0       0x30 C:\Users\CYIRKO~1\AppData\Local\Temp\ccYJVLXS.ltrans1.ltrans.o
                0x002026f0                Vector48
 .text.Vector170
                0x00202720       0x30 C:\Users\CYIRKO~1\AppData\Local\Temp\ccYJVLXS.ltrans1.ltrans.o
                0x00202720                Vector170
 .text.Vector138
                0x00202750       0x30 C:\Users\CYIRKO~1\AppData\Local\Temp\ccYJVLXS.ltrans1.ltrans.o
                0x00202750                Vector138
 .text.VectorE8
                0x00202780       0x30 C:\Users\CYIRKO~1\AppData\Local\Temp\ccYJVLXS.ltrans1.ltrans.o
                0x00202780                VectorE8
 .text.VectorE4
                0x002027b0       0x30 C:\Users\CYIRKO~1\AppData\Local\Temp\ccYJVLXS.ltrans1.ltrans.o
                0x002027b0                VectorE4
 .text.Vector44
                0x002027e0       0x30 C:\Users\CYIRKO~1\AppData\Local\Temp\ccYJVLXS.ltrans1.ltrans.o
                0x002027e0                Vector44
 .text.VectorE0
                0x00202810       0x80 C:\Users\CYIRKO~1\AppData\Local\Temp\ccYJVLXS.ltrans1.ltrans.o
                0x00202810                VectorE0
 .text.Vector9C
                0x00202890       0x70 C:\Users\CYIRKO~1\AppData\Local\Temp\ccYJVLXS.ltrans1.ltrans.o
                0x00202890                Vector9C
 .text.Vector68
                0x00202900       0x2c C:\Users\CYIRKO~1\AppData\Local\Temp\ccYJVLXS.ltrans1.ltrans.o
                0x00202900                Vector68
 *fill*         0x0020292c        0x4 
 .text.Vector64
                0x00202930       0x2c C:\Users\CYIRKO~1\AppData\Local\Temp\ccYJVLXS.ltrans1.ltrans.o
                0x00202930                Vector64
 *fill*         0x0020295c        0x4 
 .text.Vector60
                0x00202960       0x2c C:\Users\CYIRKO~1\AppData\Local\Temp\ccYJVLXS.ltrans1.ltrans.o
                0x00202960                Vector60
 *fill*         0x0020298c        0x4 
 .text.Vector5C
                0x00202990       0x2c C:\Users\CYIRKO~1\AppData\Local\Temp\ccYJVLXS.ltrans1.ltrans.o
                0x00202990                Vector5C
 *fill*         0x002029bc        0x4 
 .text.Vector58
                0x002029c0       0x2c C:\Users\CYIRKO~1\AppData\Local\Temp\ccYJVLXS.ltrans1.ltrans.o
                0x002029c0                Vector58
 *fill*         0x002029ec        0x4 
 .text.chTMStopMeasurementX
                0x002029f0       0x44 C:\Users\CYIRKO~1\AppData\Local\Temp\ccYJVLXS.ltrans1.ltrans.o
                0x002029f0                chTMStopMeasurementX
 *fill*         0x00202a34        0xc 
 .text.chSchDoReschedule
                0x00202a40       0x40 C:\Users\CYIRKO~1\AppData\Local\Temp\ccYJVLXS.ltrans1.ltrans.o
                0x00202a40                chSchDoReschedule
 .text.chSchGoSleepTimeoutS
                0x00202a80       0x88 C:\Users\CYIRKO~1\AppData\Local\Temp\ccYJVLXS.ltrans1.ltrans.o
                0x00202a80                chSchGoSleepTimeoutS
 *fill*         0x00202b08        0x8 
 .text.chThdEnqueueTimeoutS
                0x00202b10       0x28 C:\Users\CYIRKO~1\AppData\Local\Temp\ccYJVLXS.ltrans1.ltrans.o
 *fill*         0x00202b38        0x8 
 .text.oqWriteTimeout
                0x00202b40       0xb8 C:\Users\CYIRKO~1\AppData\Local\Temp\ccYJVLXS.ltrans1.ltrans.o
 *fill*         0x00202bf8        0x8 
 .text._writet.lto_priv.56
                0x00202c00        0x8 C:\Users\CYIRKO~1\AppData\Local\Temp\ccYJVLXS.ltrans1.ltrans.o
                0x00202c00                _writet.lto_priv.56
 *fill*         0x00202c08        0x8 
 .text._write.lto_priv.50
                0x00202c10        0xc C:\Users\CYIRKO~1\AppData\Local\Temp\ccYJVLXS.ltrans1.ltrans.o
                0x00202c10                _write.lto_priv.50
 *fill*         0x00202c1c        0x4 
 .text.oqPutTimeout
                0x00202c20       0x54 C:\Users\CYIRKO~1\AppData\Local\Temp\ccYJVLXS.ltrans1.ltrans.o
 *fill*         0x00202c74        0xc 
 .text._putt.lto_priv.54
                0x00202c80        0x8 C:\Users\CYIRKO~1\AppData\Local\Temp\ccYJVLXS.ltrans1.ltrans.o
                0x00202c80                _putt.lto_priv.54
 *fill*         0x00202c88        0x8 
 .text._put.lto_priv.52
                0x00202c90        0xc C:\Users\CYIRKO~1\AppData\Local\Temp\ccYJVLXS.ltrans1.ltrans.o
                0x00202c90                _put.lto_priv.52
 *fill*         0x00202c9c        0x4 
 .text.iqReadTimeout
                0x00202ca0       0xb8 C:\Users\CYIRKO~1\AppData\Local\Temp\ccYJVLXS.ltrans1.ltrans.o
                0x00202ca0                iqReadTimeout
 *fill*         0x00202d58        0x8 
 .text._readt.lto_priv.57
                0x00202d60        0x8 C:\Users\CYIRKO~1\AppData\Local\Temp\ccYJVLXS.ltrans1.ltrans.o
                0x00202d60                _readt.lto_priv.57
 *fill*         0x00202d68        0x8 
 .text._read.lto_priv.51
                0x00202d70        0xc C:\Users\CYIRKO~1\AppData\Local\Temp\ccYJVLXS.ltrans1.ltrans.o
                0x00202d70                _read.lto_priv.51
 *fill*         0x00202d7c        0x4 
 .text.iqGetTimeout
                0x00202d80       0x50 C:\Users\CYIRKO~1\AppData\Local\Temp\ccYJVLXS.ltrans1.ltrans.o
                0x00202d80                iqGetTimeout
 .text._gett.lto_priv.55
                0x00202dd0        0x8 C:\Users\CYIRKO~1\AppData\Local\Temp\ccYJVLXS.ltrans1.ltrans.o
                0x00202dd0                _gett.lto_priv.55
 *fill*         0x00202dd8        0x8 
 .text._get.lto_priv.53
                0x00202de0        0xc C:\Users\CYIRKO~1\AppData\Local\Temp\ccYJVLXS.ltrans1.ltrans.o
                0x00202de0                _get.lto_priv.53
 *fill*         0x00202dec        0x4 
 .text.chThdSleep
                0x00202df0       0x18 C:\Users\CYIRKO~1\AppData\Local\Temp\ccYJVLXS.ltrans1.ltrans.o
                0x00202df0                chThdSleep
 *fill*         0x00202e08        0x8 
 .text.chSchReadyI
                0x00202e10       0x2c C:\Users\CYIRKO~1\AppData\Local\Temp\ccYJVLXS.ltrans1.ltrans.o
                0x00202e10                chSchReadyI
 *fill*         0x00202e3c        0x4 
 .text.adc_lld_serve_rx_interrupt.lto_priv.37
                0x00202e40      0x128 C:\Users\CYIRKO~1\AppData\Local\Temp\ccYJVLXS.ltrans1.ltrans.o
                0x00202e40                adc_lld_serve_rx_interrupt.lto_priv.37
 *fill*         0x00202f68        0x8 
 .text.chEvtBroadcastFlagsI
                0x00202f70       0x60 C:\Users\CYIRKO~1\AppData\Local\Temp\ccYJVLXS.ltrans1.ltrans.o
                0x00202f70                chEvtBroadcastFlagsI
 .text.chThdExit
                0x00202fd0       0x50 C:\Users\CYIRKO~1\AppData\Local\Temp\ccYJVLXS.ltrans1.ltrans.o
                0x00202fd0                chThdExit
 .text._unhandled_exception
                0x00203020        0x4 C:\Users\CYIRKO~1\AppData\Local\Temp\ccYJVLXS.ltrans1.ltrans.o
                0x00203020                DebugMon_Handler
                0x00203020                Vector1A0
                0x00203020                Vector11C
                0x00203020                HardFault_Handler
                0x00203020                Vector1B8
                0x00203020                Vector1F0
                0x00203020                Vector19C
                0x00203020                Vector1EC
                0x00203020                Vector8C
                0x00203020                VectorDC
                0x00203020                PendSV_Handler
                0x00203020                Vector168
                0x00203020                NMI_Handler
                0x00203020                Vector110
                0x00203020                Vector1D8
                0x00203020                Vector1F4
                0x00203020                VectorC8
                0x00203020                Vector94
                0x00203020                VectorA8
                0x00203020                VectorB4
                0x00203020                Vector1FC
                0x00203020                Vector160
                0x00203020                Vector1B0
                0x00203020                UsageFault_Handler
                0x00203020                VectorEC
                0x00203020                Vector40
                0x00203020                VectorF8
                0x00203020                Vector108
                0x00203020                VectorBC
                0x00203020                Vector190
                0x00203020                Vector1E0
                0x00203020                Vector1F8
                0x00203020                Vector1C4
                0x00203020                Vector1CC
                0x00203020                Vector1E4
                0x00203020                Vector148
                0x00203020                Vector198
                0x00203020                VectorCC
                0x00203020                Vector54
                0x00203020                Vector98
                0x00203020                VectorD8
                0x00203020                Vector24
                0x00203020                Vector1AC
                0x00203020                Vector178
                0x00203020                Vector1A4
                0x00203020                VectorD0
                0x00203020                Vector1B4
                0x00203020                Vector140
                0x00203020                VectorC0
                0x00203020                Vector1C0
                0x00203020                Vector134
                0x00203020                Vector1D0
                0x00203020                VectorF0
                0x00203020                Vector13C
                0x00203020                Vector100
                0x00203020                VectorF4
                0x00203020                MemManage_Handler
                0x00203020                VectorC4
                0x00203020                Vector180
                0x00203020                Vector90
                0x00203020                Vector164
                0x00203020                Vector1C
                0x00203020                Vector1BC
                0x00203020                Vector1D4
                0x00203020                Vector17C
                0x00203020                Vector1A8
                0x00203020                Vector16C
                0x00203020                VectorD4
                0x00203020                Vector144
                0x00203020                Vector1E8
                0x00203020                _unhandled_exception
                0x00203020                Vector104
                0x00203020                Vector184
                0x00203020                Vector10C
                0x00203020                Vector14C
                0x00203020                BusFault_Handler
                0x00203020                Vector50
                0x00203020                Vector1C8
                0x00203020                Vector194
                0x00203020                Vector1DC
                0x00203020                Vector28
                0x00203020                VectorB8
                0x00203020                Vector34
                0x00203020                Vector20
                0x00203020                Vector18C
                0x00203020                Vector174
 *fill*         0x00203024        0xc 
 .text.__init_ram_areas
                0x00203030       0x60 C:\Users\CYIRKO~1\AppData\Local\Temp\ccYJVLXS.ltrans1.ltrans.o
                0x00203030                __init_ram_areas
 .text.__default_exit
                0x00203090        0x4 C:\Users\CYIRKO~1\AppData\Local\Temp\ccYJVLXS.ltrans1.ltrans.o
                0x00203090                __default_exit
 *fill*         0x00203094        0xc 
 .text.__late_init
                0x002030a0        0x4 C:\Users\CYIRKO~1\AppData\Local\Temp\ccYJVLXS.ltrans1.ltrans.o
                0x002030a0                __late_init
 *fill*         0x002030a4        0xc 
 .text.__core_init
                0x002030b0       0x7c C:\Users\CYIRKO~1\AppData\Local\Temp\ccYJVLXS.ltrans1.ltrans.o
                0x002030b0                __core_init
 *fill*         0x0020312c        0x4 
 .text.notify7.lto_priv.47
                0x00203130       0x10 C:\Users\CYIRKO~1\AppData\Local\Temp\ccYJVLXS.ltrans2.ltrans.o
                0x00203130                notify7.lto_priv.47
 .text.notify6.lto_priv.46
                0x00203140       0x10 C:\Users\CYIRKO~1\AppData\Local\Temp\ccYJVLXS.ltrans2.ltrans.o
                0x00203140                notify6.lto_priv.46
 .text.notify5.lto_priv.45
                0x00203150       0x10 C:\Users\CYIRKO~1\AppData\Local\Temp\ccYJVLXS.ltrans2.ltrans.o
                0x00203150                notify5.lto_priv.45
 .text.pwm_lld_serve_interrupt
                0x00203160       0x60 C:\Users\CYIRKO~1\AppData\Local\Temp\ccYJVLXS.ltrans2.ltrans.o
 .text.VectorB0
                0x002031c0       0x14 C:\Users\CYIRKO~1\AppData\Local\Temp\ccYJVLXS.ltrans2.ltrans.o
 *fill*         0x002031d4        0xc 
 .text.VectorA4
                0x002031e0       0x14 C:\Users\CYIRKO~1\AppData\Local\Temp\ccYJVLXS.ltrans2.ltrans.o
 *fill*         0x002031f4        0xc 
 .text.VectorAC
                0x00203200        0x4 C:\Users\CYIRKO~1\AppData\Local\Temp\ccYJVLXS.ltrans2.ltrans.o
 *fill*         0x00203204        0xc 
 .text.VectorA0
                0x00203210       0x34 C:\Users\CYIRKO~1\AppData\Local\Temp\ccYJVLXS.ltrans2.ltrans.o
 *fill*         0x00203244        0xc 
 .text.Vector118
                0x00203250       0x34 C:\Users\CYIRKO~1\AppData\Local\Temp\ccYJVLXS.ltrans2.ltrans.o
 *fill*         0x00203284        0xc 
 .text.SysTick_Handler
                0x00203290       0x58 C:\Users\CYIRKO~1\AppData\Local\Temp\ccYJVLXS.ltrans2.ltrans.o
 *fill*         0x002032e8        0x8 
 .text.Vector158
                0x002032f0       0x2c C:\Users\CYIRKO~1\AppData\Local\Temp\ccYJVLXS.ltrans2.ltrans.o
 *fill*         0x0020331c        0x4 
 .text.Vector154
                0x00203320       0x2c C:\Users\CYIRKO~1\AppData\Local\Temp\ccYJVLXS.ltrans2.ltrans.o
 *fill*         0x0020334c        0x4 
 .text.Vector150
                0x00203350       0x2c C:\Users\CYIRKO~1\AppData\Local\Temp\ccYJVLXS.ltrans2.ltrans.o
 *fill*         0x0020337c        0x4 
 .text.Vector130
                0x00203380       0x28 C:\Users\CYIRKO~1\AppData\Local\Temp\ccYJVLXS.ltrans2.ltrans.o
 *fill*         0x002033a8        0x8 
 .text.Vector12C
                0x002033b0       0x2c C:\Users\CYIRKO~1\AppData\Local\Temp\ccYJVLXS.ltrans2.ltrans.o
 *fill*         0x002033dc        0x4 
 .text.Vector128
                0x002033e0       0x2c C:\Users\CYIRKO~1\AppData\Local\Temp\ccYJVLXS.ltrans2.ltrans.o
 *fill*         0x0020340c        0x4 
 .text.Vector124
                0x00203410       0x2c C:\Users\CYIRKO~1\AppData\Local\Temp\ccYJVLXS.ltrans2.ltrans.o
 *fill*         0x0020343c        0x4 
 .text.Vector120
                0x00203440       0x28 C:\Users\CYIRKO~1\AppData\Local\Temp\ccYJVLXS.ltrans2.ltrans.o
 *fill*         0x00203468        0x8 
 .text.VectorFC
                0x00203470       0x2c C:\Users\CYIRKO~1\AppData\Local\Temp\ccYJVLXS.ltrans2.ltrans.o
 *fill*         0x0020349c        0x4 
 .text.Vector84
                0x002034a0       0x2c C:\Users\CYIRKO~1\AppData\Local\Temp\ccYJVLXS.ltrans2.ltrans.o
 *fill*         0x002034cc        0x4 
 .text.Vector80
                0x002034d0       0x2c C:\Users\CYIRKO~1\AppData\Local\Temp\ccYJVLXS.ltrans2.ltrans.o
 *fill*         0x002034fc        0x4 
 .text.Vector7C
                0x00203500       0x28 C:\Users\CYIRKO~1\AppData\Local\Temp\ccYJVLXS.ltrans2.ltrans.o
 *fill*         0x00203528        0x8 
 .text.Vector78
                0x00203530       0x2c C:\Users\CYIRKO~1\AppData\Local\Temp\ccYJVLXS.ltrans2.ltrans.o
 *fill*         0x0020355c        0x4 
 .text.Vector74
                0x00203560       0x2c C:\Users\CYIRKO~1\AppData\Local\Temp\ccYJVLXS.ltrans2.ltrans.o
 *fill*         0x0020358c        0x4 
 .text.Vector70
                0x00203590       0x2c C:\Users\CYIRKO~1\AppData\Local\Temp\ccYJVLXS.ltrans2.ltrans.o
 *fill*         0x002035bc        0x4 
 .text.Vector6C
                0x002035c0       0x28 C:\Users\CYIRKO~1\AppData\Local\Temp\ccYJVLXS.ltrans2.ltrans.o
 *fill*         0x002035e8        0x8 
 .text.serve_interrupt
                0x002035f0      0x190 C:\Users\CYIRKO~1\AppData\Local\Temp\ccYJVLXS.ltrans2.ltrans.o
 .text.Vector188
                0x00203780       0x14 C:\Users\CYIRKO~1\AppData\Local\Temp\ccYJVLXS.ltrans2.ltrans.o
 *fill*         0x00203794        0xc 
 .text.Vector15C
                0x002037a0       0x14 C:\Users\CYIRKO~1\AppData\Local\Temp\ccYJVLXS.ltrans2.ltrans.o
 *fill*         0x002037b4        0xc 
 .text.Vector114
                0x002037c0       0x14 C:\Users\CYIRKO~1\AppData\Local\Temp\ccYJVLXS.ltrans2.ltrans.o
 *fill*         0x002037d4        0xc 
 .text.Vector88
                0x002037e0       0x98 C:\Users\CYIRKO~1\AppData\Local\Temp\ccYJVLXS.ltrans2.ltrans.o
 *fill*         0x00203878        0x8 
 .text.__early_init
                0x00203880       0xe8 C:\Users\CYIRKO~1\AppData\Local\Temp\ccYJVLXS.ltrans2.ltrans.o
                0x00203880                __early_init
 *fill*         0x00203968        0x8 
 .text.usart_init.lto_priv.59
                0x00203970       0x58 C:\Users\CYIRKO~1\AppData\Local\Temp\ccYJVLXS.ltrans2.ltrans.o
                0x00203970                usart_init.lto_priv.59
 *fill*         0x002039c8        0x8 
 .text.pwm_lld_start
                0x002039d0      0x164 C:\Users\CYIRKO~1\AppData\Local\Temp\ccYJVLXS.ltrans2.ltrans.o
                0x002039d0                pwm_lld_start
 *fill*         0x00203b34        0xc 
 .text.gpt_lld_start_timer
                0x00203b40       0x24 C:\Users\CYIRKO~1\AppData\Local\Temp\ccYJVLXS.ltrans2.ltrans.o
                0x00203b40                gpt_lld_start_timer
 *fill*         0x00203b64        0xc 
 .text.gpt_lld_start
                0x00203b70       0xb0 C:\Users\CYIRKO~1\AppData\Local\Temp\ccYJVLXS.ltrans2.ltrans.o
                0x00203b70                gpt_lld_start
 .text._pal_lld_setgroupmode
                0x00203c20       0xec C:\Users\CYIRKO~1\AppData\Local\Temp\ccYJVLXS.ltrans2.ltrans.o
                0x00203c20                _pal_lld_setgroupmode
 *fill*         0x00203d0c        0x4 
 .text.GPT_CB   0x00203d10       0x64 C:\Users\CYIRKO~1\AppData\Local\Temp\ccYJVLXS.ltrans3.ltrans.o
 *fill*         0x00203d74        0xc 
 .text.lldSetPowerMotor
                0x00203d80       0x9c C:\Users\CYIRKO~1\AppData\Local\Temp\ccYJVLXS.ltrans3.ltrans.o
 *fill*         0x00203e1c        0x4 
 .text.TurnMotor.part.1
                0x00203e20      0x240 C:\Users\CYIRKO~1\AppData\Local\Temp\ccYJVLXS.ltrans3.ltrans.o
 .text.transm   0x00204060      0x20c C:\Users\CYIRKO~1\AppData\Local\Temp\ccYJVLXS.ltrans3.ltrans.o
 *fill*         0x0020426c        0x4 
 .text.chSchWakeupS.constprop.34
                0x00204270       0x5c C:\Users\CYIRKO~1\AppData\Local\Temp\ccYJVLXS.ltrans3.ltrans.o
                0x00204270                chSchWakeupS.constprop.34
 *fill*         0x002042cc        0x4 
 .text.chTMStartMeasurementX.constprop.30
                0x002042d0        0xc C:\Users\CYIRKO~1\AppData\Local\Temp\ccYJVLXS.ltrans3.ltrans.o
                0x002042d0                chTMStartMeasurementX.constprop.30
 *fill*         0x002042dc        0x4 
 .text.dac_lld_put_channel.constprop.14
                0x002042e0       0x3c C:\Users\CYIRKO~1\AppData\Local\Temp\ccYJVLXS.ltrans3.ltrans.o
                0x002042e0                dac_lld_put_channel.constprop.14
 *fill*         0x0020431c        0x4 
 .text.chprintf.constprop.3
                0x00204320      0x3c0 C:\Users\CYIRKO~1\AppData\Local\Temp\ccYJVLXS.ltrans3.ltrans.o
                0x00204320                chprintf.constprop.3
 .text.steerUnitCSSetPosition
                0x002046e0       0x3c C:\Users\CYIRKO~1\AppData\Local\Temp\ccYJVLXS.ltrans3.ltrans.o
                0x002046e0                steerUnitCSSetPosition
 *fill*         0x0020471c        0x4 
 .text.get_speed
                0x00204720       0x38 C:\Users\CYIRKO~1\AppData\Local\Temp\ccYJVLXS.ltrans3.ltrans.o
                0x00204720                get_speed
 *fill*         0x00204758        0x8 
 .text.TURNING_WHEELS.lto_priv.44
                0x00204760       0xe0 C:\Users\CYIRKO~1\AppData\Local\Temp\ccYJVLXS.ltrans3.ltrans.o
                0x00204760                TURNING_WHEELS.lto_priv.44
 .text.get_distance
                0x00204840       0x40 C:\Users\CYIRKO~1\AppData\Local\Temp\ccYJVLXS.ltrans3.ltrans.o
                0x00204840                get_distance
 .text.drive_Speed_Control
                0x00204880       0x44 C:\Users\CYIRKO~1\AppData\Local\Temp\ccYJVLXS.ltrans3.ltrans.o
                0x00204880                drive_Speed_Control
 *fill*         0x002048c4        0xc 
 .text.commonADC1UnitInit.part.2
                0x002048d0      0x1f8 C:\Users\CYIRKO~1\AppData\Local\Temp\ccYJVLXS.ltrans3.ltrans.o
                0x002048d0                commonADC1UnitInit.part.2
 *fill*         0x00204ac8        0x8 
 .text.adc_cb.lto_priv.38
                0x00204ad0       0x8c C:\Users\CYIRKO~1\AppData\Local\Temp\ccYJVLXS.ltrans4.ltrans.o
                0x00204ad0                adc_cb.lto_priv.38
 *fill*         0x00204b5c        0x4 
 .text.EXT_CB_PARK_ENABLE
                0x00204b60       0x5c C:\Users\CYIRKO~1\AppData\Local\Temp\ccYJVLXS.ltrans4.ltrans.o
                0x00204b60                EXT_CB_PARK_ENABLE
 *fill*         0x00204bbc        0x4 
 .text.EXT_CB_A
                0x00204bc0       0x20 C:\Users\CYIRKO~1\AppData\Local\Temp\ccYJVLXS.ltrans4.ltrans.o
                0x00204bc0                EXT_CB_A
 .text.brakeSensorIsPressed
                0x00204be0       0x10 C:\Users\CYIRKO~1\AppData\Local\Temp\ccYJVLXS.ltrans4.ltrans.o
                0x00204be0                brakeSensorIsPressed
 .text.brakeSensorInit
                0x00204bf0       0x30 C:\Users\CYIRKO~1\AppData\Local\Temp\ccYJVLXS.ltrans4.ltrans.o
                0x00204bf0                brakeSensorInit
 .text.get_wheel_pos
                0x00204c20       0x60 C:\Users\CYIRKO~1\AppData\Local\Temp\ccYJVLXS.ltrans4.ltrans.o
                0x00204c20                get_wheel_pos
 .text.get_current
                0x00204c80       0x7c C:\Users\CYIRKO~1\AppData\Local\Temp\ccYJVLXS.ltrans4.ltrans.o
                0x00204c80                get_current
 .text.atoi     0x00204cfc        0x8 e:/chibistudio/tools/gnu tools arm embedded/6.3 2017q1/bin/../lib/gcc/arm-none-eabi/6.3.1/../../../../arm-none-eabi/lib/thumb/v7e-m\libg.a(lib_a-atoi.o)
                0x00204cfc                atoi
 .text._strtol_l.isra.0
                0x00204d04      0x128 e:/chibistudio/tools/gnu tools arm embedded/6.3 2017q1/bin/../lib/gcc/arm-none-eabi/6.3.1/../../../../arm-none-eabi/lib/thumb/v7e-m\libg.a(lib_a-strtol.o)
 .text.strtol   0x00204e2c       0x2c e:/chibistudio/tools/gnu tools arm embedded/6.3 2017q1/bin/../lib/gcc/arm-none-eabi/6.3.1/../../../../arm-none-eabi/lib/thumb/v7e-m\libg.a(lib_a-strtol.o)
                0x00204e2c                strtol
 .text.__locale_ctype_ptr_l
                0x00204e58        0x8 e:/chibistudio/tools/gnu tools arm embedded/6.3 2017q1/bin/../lib/gcc/arm-none-eabi/6.3.1/../../../../arm-none-eabi/lib/thumb/v7e-m\libg.a(lib_a-locale.o)
                0x00204e58                __locale_ctype_ptr_l
 .text.__ascii_mbtowc
                0x00204e60       0x2c e:/chibistudio/tools/gnu tools arm embedded/6.3 2017q1/bin/../lib/gcc/arm-none-eabi/6.3.1/../../../../arm-none-eabi/lib/thumb/v7e-m\libg.a(lib_a-mbtowc_r.o)
                0x00204e60                __ascii_mbtowc
 .text.__ascii_wctomb
                0x00204e8c       0x1c e:/chibistudio/tools/gnu tools arm embedded/6.3 2017q1/bin/../lib/gcc/arm-none-eabi/6.3.1/../../../../arm-none-eabi/lib/thumb/v7e-m\libg.a(lib_a-wctomb_r.o)
                0x00204e8c                __ascii_wctomb
 *(.glue_7t)
 .glue_7t       0x00204ea8        0x0 linker stubs
 *(.glue_7)
 .glue_7        0x00204ea8        0x0 linker stubs
 *(.gcc*)

.vfp11_veneer   0x00204ea8        0x0 load address 0x08004ea8
 .vfp11_veneer  0x00204ea8        0x0 linker stubs

.v4_bx          0x00204ea8        0x0 load address 0x08004ea8
 .v4_bx         0x00204ea8        0x0 linker stubs

.iplt           0x00204ea8        0x0 load address 0x08004ea8
 .iplt          0x00204ea8        0x0 build/obj/crt0_v7m.o

.rodata         0x08004ea8      0x400
                0x08004ea8                . = ALIGN (0x4)
                0x08004ea8                __rodata_base__ = .
 *(.rodata)
 .rodata        0x08004ea8       0x20 C:\Users\CYIRKO~1\AppData\Local\Temp\ccYJVLXS.ltrans4.ltrans.o
 *(.rodata.*)
 .rodata.DAC1cfg
                0x08004ec8        0x6 C:\Users\CYIRKO~1\AppData\Local\Temp\ccYJVLXS.ltrans0.ltrans.o
 *fill*         0x08004ece        0x2 
 .rodata.EXTcfg
                0x08004ed0       0xc0 C:\Users\CYIRKO~1\AppData\Local\Temp\ccYJVLXS.ltrans0.ltrans.o
 .rodata.UARTcfg
                0x08004f90       0x10 C:\Users\CYIRKO~1\AppData\Local\Temp\ccYJVLXS.ltrans0.ltrans.o
 .rodata._stm32_dma_streams
                0x08004fa0       0xc0 C:\Users\CYIRKO~1\AppData\Local\Temp\ccYJVLXS.ltrans0.ltrans.o
 .rodata.ch_debug
                0x08005060       0x16 C:\Users\CYIRKO~1\AppData\Local\Temp\ccYJVLXS.ltrans0.ltrans.o
 *fill*         0x08005076        0x2 
 .rodata.dma1_ch1_params
                0x08005078       0x1c C:\Users\CYIRKO~1\AppData\Local\Temp\ccYJVLXS.ltrans0.ltrans.o
 .rodata.main.str1.4
                0x08005094       0x1f C:\Users\CYIRKO~1\AppData\Local\Temp\ccYJVLXS.ltrans0.ltrans.o
 *fill*         0x080050b3        0x1 
 .rodata.vmt    0x080050b4       0x20 C:\Users\CYIRKO~1\AppData\Local\Temp\ccYJVLXS.ltrans0.ltrans.o
 .rodata.ram_areas
                0x080050d4       0x80 C:\Users\CYIRKO~1\AppData\Local\Temp\ccYJVLXS.ltrans1.ltrans.o
 .rodata.chprintf.constprop.3.str1.4
                0x08005154        0x8 C:\Users\CYIRKO~1\AppData\Local\Temp\ccYJVLXS.ltrans3.ltrans.o
                                  0x7 (size before relaxing)
 .rodata.conv_group
                0x0800515c       0x28 C:\Users\CYIRKO~1\AppData\Local\Temp\ccYJVLXS.ltrans3.ltrans.o
 .rodata.trigger_cfg
                0x08005184       0x10 C:\Users\CYIRKO~1\AppData\Local\Temp\ccYJVLXS.ltrans3.ltrans.o
 .rodata._setlocale_r.str1.4
                0x08005194        0xa e:/chibistudio/tools/gnu tools arm embedded/6.3 2017q1/bin/../lib/gcc/arm-none-eabi/6.3.1/../../../../arm-none-eabi/lib/thumb/v7e-m\libg.a(lib_a-locale.o)
                                  0xd (size before relaxing)
 *fill*         0x0800519e        0x2 
 .rodata.str1.4
                0x080051a0        0x2 e:/chibistudio/tools/gnu tools arm embedded/6.3 2017q1/bin/../lib/gcc/arm-none-eabi/6.3.1/../../../../arm-none-eabi/lib/thumb/v7e-m\libg.a(lib_a-locale.o)
 *fill*         0x080051a2        0x2 
 .rodata._ctype_
                0x080051a4      0x101 e:/chibistudio/tools/gnu tools arm embedded/6.3 2017q1/bin/../lib/gcc/arm-none-eabi/6.3.1/../../../../arm-none-eabi/lib/thumb/v7e-m\libg.a(lib_a-ctype_.o)
                0x080051a4                _ctype_
                0x080052a8                . = ALIGN (0x4)
 *fill*         0x080052a5        0x3 
                0x080052a8                __rodata_end__ = .

.rel.dyn        0x080052a8        0x0
 .rel.iplt      0x080052a8        0x0 build/obj/crt0_v7m.o

.ARM.extab
 *(.ARM.extab* .gnu.linkonce.armextab.*)

.ARM.exidx      0x00204ea8        0x0 load address 0x080052a8
                0x00204ea8                __exidx_start = .
 *(.ARM.exidx* .gnu.linkonce.armexidx.*)
                0x00204ea8                __exidx_end = .

.eh_frame_hdr
 *(.eh_frame_hdr)

.eh_frame
 *(.eh_frame)
                0x20020000                __ram0_start__ = ORIGIN (ram0)
                0x00060000                __ram0_size__ = LENGTH (ram0)
                0x20080000                __ram0_end__ = (__ram0_start__ + __ram0_size__)
                0x20020000                __ram1_start__ = ORIGIN (ram1)
                0x0005c000                __ram1_size__ = LENGTH (ram1)
                0x2007c000                __ram1_end__ = (__ram1_start__ + __ram1_size__)
                0x2007c000                __ram2_start__ = ORIGIN (ram2)
                0x00004000                __ram2_size__ = LENGTH (ram2)
                0x20080000                __ram2_end__ = (__ram2_start__ + __ram2_size__)
                0x20000000                __ram3_start__ = ORIGIN (ram3)
                0x00020000                __ram3_size__ = LENGTH (ram3)
                0x20020000                __ram3_end__ = (__ram3_start__ + __ram3_size__)
                0x00000000                __ram4_start__ = ORIGIN (ram4)
                0x00004000                __ram4_size__ = LENGTH (ram4)
                0x00004000                __ram4_end__ = (__ram4_start__ + __ram4_size__)
                0x40024000                __ram5_start__ = ORIGIN (ram5)
                0x00001000                __ram5_size__ = LENGTH (ram5)
                0x40025000                __ram5_end__ = (__ram5_start__ + __ram5_size__)
                0x00000000                __ram6_start__ = ORIGIN (ram6)
                0x00000000                __ram6_size__ = LENGTH (ram6)
                0x00000000                __ram6_end__ = (__ram6_start__ + __ram6_size__)
                0x00000000                __ram7_start__ = ORIGIN (ram7)
                0x00000000                __ram7_size__ = LENGTH (ram7)
                0x00000000                __ram7_end__ = (__ram7_start__ + __ram7_size__)

.data           0x20020000      0x664 load address 0x080052a8
                0x20020000                . = ALIGN (0x4)
                [!provide]                PROVIDE (_textdata, LOADADDR (.data))
                [!provide]                PROVIDE (_data, .)
                0x080052a8                _textdata_start = LOADADDR (.data)
                0x20020000                _data_start = .
 *(.data)
 *(.data.*)
 .data.pwm1conf
                0x20020000       0x44 C:\Users\CYIRKO~1\AppData\Local\Temp\ccYJVLXS.ltrans0.ltrans.o
 .data.pwm2conf
                0x20020044       0x44 C:\Users\CYIRKO~1\AppData\Local\Temp\ccYJVLXS.ltrans0.ltrans.o
 .data.GPT9cfg  0x20020088       0x10 C:\Users\CYIRKO~1\AppData\Local\Temp\ccYJVLXS.ltrans3.ltrans.o
                0x20020088                GPT9cfg
 .data.pidCtx   0x20020098       0x24 C:\Users\CYIRKO~1\AppData\Local\Temp\ccYJVLXS.ltrans3.ltrans.o
 .data.tfconf.lto_priv.42
                0x200200bc        0x8 C:\Users\CYIRKO~1\AppData\Local\Temp\ccYJVLXS.ltrans3.ltrans.o
                0x200200bc                tfconf.lto_priv.42
 .data.turn_enable
                0x200200c4        0x1 C:\Users\CYIRKO~1\AppData\Local\Temp\ccYJVLXS.ltrans3.ltrans.o
                0x200200c4                turn_enable
 *fill*         0x200200c5        0x3 
 .data._impure_ptr
                0x200200c8        0x4 e:/chibistudio/tools/gnu tools arm embedded/6.3 2017q1/bin/../lib/gcc/arm-none-eabi/6.3.1/../../../../arm-none-eabi/lib/thumb/v7e-m\libg.a(lib_a-impure.o)
                0x200200c8                _impure_ptr
 *fill*         0x200200cc        0x4 
 .data.impure_data
                0x200200d0      0x428 e:/chibistudio/tools/gnu tools arm embedded/6.3 2017q1/bin/../lib/gcc/arm-none-eabi/6.3.1/../../../../arm-none-eabi/lib/thumb/v7e-m\libg.a(lib_a-impure.o)
 .data.__global_locale
                0x200204f8      0x16c e:/chibistudio/tools/gnu tools arm embedded/6.3 2017q1/bin/../lib/gcc/arm-none-eabi/6.3.1/../../../../arm-none-eabi/lib/thumb/v7e-m\libg.a(lib_a-locale.o)
                0x200204f8                __global_locale
 *(.ramtext)
                0x20020664                . = ALIGN (0x4)
                [!provide]                PROVIDE (_edata, .)
                0x20020664                _data_end = .

.igot.plt       0x20020664        0x0 load address 0x0800590c
 .igot.plt      0x20020664        0x0 build/obj/crt0_v7m.o

.bss            0x20000800      0x6c0
                0x20000800                . = ALIGN (0x4)
                0x20000800                _bss_start = .
 *(.bss)
 *(.bss.*)
 .bss.EXTD1     0x20000800        0x8 C:\Users\CYIRKO~1\AppData\Local\Temp\ccYJVLXS.ltrans0.ltrans.o
                0x20000800                EXTD1
 .bss.Enc_is_Initialized
                0x20000808        0x1 C:\Users\CYIRKO~1\AppData\Local\Temp\ccYJVLXS.ltrans0.ltrans.o
 *fill*         0x20000809        0x3 
 .bss.GPTD9     0x2000080c       0x10 C:\Users\CYIRKO~1\AppData\Local\Temp\ccYJVLXS.ltrans0.ltrans.o
                0x2000080c                GPTD9
 .bss.Odometry_is_Initialized
                0x2000081c        0x1 C:\Users\CYIRKO~1\AppData\Local\Temp\ccYJVLXS.ltrans0.ltrans.o
 *fill*         0x2000081d        0x3 
 .bss.SD5       0x20000820       0x60 C:\Users\CYIRKO~1\AppData\Local\Temp\ccYJVLXS.ltrans0.ltrans.o
                0x20000820                SD5
 .bss.SD6       0x20000880       0x60 C:\Users\CYIRKO~1\AppData\Local\Temp\ccYJVLXS.ltrans0.ltrans.o
                0x20000880                SD6
 .bss.ch_idle_thread_wa
                0x200008e0       0xd8 C:\Users\CYIRKO~1\AppData\Local\Temp\ccYJVLXS.ltrans0.ltrans.o
 .bss.default_heap
                0x200009b8       0x20 C:\Users\CYIRKO~1\AppData\Local\Temp\ccYJVLXS.ltrans0.ltrans.o
 .bss.endmem.lto_priv.61
                0x200009d8        0x4 C:\Users\CYIRKO~1\AppData\Local\Temp\ccYJVLXS.ltrans0.ltrans.o
                0x200009d8                endmem.lto_priv.61
 .bss.filterWindow
                0x200009dc       0x14 C:\Users\CYIRKO~1\AppData\Local\Temp\ccYJVLXS.ltrans0.ltrans.o
 .bss.firstValues
                0x200009f0        0x1 C:\Users\CYIRKO~1\AppData\Local\Temp\ccYJVLXS.ltrans0.ltrans.o
 *fill*         0x200009f1        0x1 
 .bss.flt_num   0x200009f2        0x2 C:\Users\CYIRKO~1\AppData\Local\Temp\ccYJVLXS.ltrans0.ltrans.o
 .bss.isInitialized
                0x200009f4        0x1 C:\Users\CYIRKO~1\AppData\Local\Temp\ccYJVLXS.ltrans0.ltrans.o
 .bss.isInitialized.lto_priv.43
                0x200009f5        0x1 C:\Users\CYIRKO~1\AppData\Local\Temp\ccYJVLXS.ltrans0.ltrans.o
 *fill*         0x200009f6        0x2 
 .bss.maxSonarSensorValue
                0x200009f8        0x4 C:\Users\CYIRKO~1\AppData\Local\Temp\ccYJVLXS.ltrans0.ltrans.o
 .bss.nextmem.lto_priv.60
                0x200009fc        0x4 C:\Users\CYIRKO~1\AppData\Local\Temp\ccYJVLXS.ltrans0.ltrans.o
                0x200009fc                nextmem.lto_priv.60
 .bss.sd_in_buf5
                0x20000a00       0x10 C:\Users\CYIRKO~1\AppData\Local\Temp\ccYJVLXS.ltrans0.ltrans.o
 .bss.sd_in_buf6
                0x20000a10       0x10 C:\Users\CYIRKO~1\AppData\Local\Temp\ccYJVLXS.ltrans0.ltrans.o
 .bss.sd_in_buf7
                0x20000a20       0x10 C:\Users\CYIRKO~1\AppData\Local\Temp\ccYJVLXS.ltrans0.ltrans.o
 .bss.sd_out_buf5
                0x20000a30       0x10 C:\Users\CYIRKO~1\AppData\Local\Temp\ccYJVLXS.ltrans0.ltrans.o
 .bss.sd_out_buf6
                0x20000a40       0x10 C:\Users\CYIRKO~1\AppData\Local\Temp\ccYJVLXS.ltrans0.ltrans.o
 .bss.sd_out_buf7
                0x20000a50       0x10 C:\Users\CYIRKO~1\AppData\Local\Temp\ccYJVLXS.ltrans0.ltrans.o
 .bss.waTURNING_WHEELS
                0x20000a60      0x1c8 C:\Users\CYIRKO~1\AppData\Local\Temp\ccYJVLXS.ltrans0.ltrans.o
 .bss.ADCD1     0x20000c28       0x34 C:\Users\CYIRKO~1\AppData\Local\Temp\ccYJVLXS.ltrans3.ltrans.o
                0x20000c28                ADCD1
 .bss.CurrI     0x20000c5c        0x4 C:\Users\CYIRKO~1\AppData\Local\Temp\ccYJVLXS.ltrans3.ltrans.o
 .bss.D         0x20000c60        0x4 C:\Users\CYIRKO~1\AppData\Local\Temp\ccYJVLXS.ltrans3.ltrans.o
 .bss.DACD1     0x20000c64       0x2c C:\Users\CYIRKO~1\AppData\Local\Temp\ccYJVLXS.ltrans3.ltrans.o
                0x20000c64                DACD1
 .bss.GPTD6     0x20000c90       0x10 C:\Users\CYIRKO~1\AppData\Local\Temp\ccYJVLXS.ltrans3.ltrans.o
                0x20000c90                GPTD6
 .bss.I         0x20000ca0        0x8 C:\Users\CYIRKO~1\AppData\Local\Temp\ccYJVLXS.ltrans3.ltrans.o
                0x20000ca0                I
 .bss.P         0x20000ca8        0x4 C:\Users\CYIRKO~1\AppData\Local\Temp\ccYJVLXS.ltrans3.ltrans.o
 .bss.PID       0x20000cac        0x2 C:\Users\CYIRKO~1\AppData\Local\Temp\ccYJVLXS.ltrans3.ltrans.o
 *fill*         0x20000cae        0x2 
 .bss.PWMAverage
                0x20000cb0        0x4 C:\Users\CYIRKO~1\AppData\Local\Temp\ccYJVLXS.ltrans3.ltrans.o
 .bss.PWMD1     0x20000cb4       0x1c C:\Users\CYIRKO~1\AppData\Local\Temp\ccYJVLXS.ltrans3.ltrans.o
                0x20000cb4                PWMD1
 .bss.PWMD2     0x20000cd0       0x1c C:\Users\CYIRKO~1\AppData\Local\Temp\ccYJVLXS.ltrans3.ltrans.o
                0x20000cd0                PWMD2
 .bss.PWMFiltrationCounter
                0x20000cec        0x2 C:\Users\CYIRKO~1\AppData\Local\Temp\ccYJVLXS.ltrans3.ltrans.o
 *fill*         0x20000cee        0x2 
 .bss.SD7       0x20000cf0       0x60 C:\Users\CYIRKO~1\AppData\Local\Temp\ccYJVLXS.ltrans3.ltrans.o
                0x20000cf0                SD7
 .bss.SpeedPWM  0x20000d50        0x2 C:\Users\CYIRKO~1\AppData\Local\Temp\ccYJVLXS.ltrans3.ltrans.o
 .bss.adcInitialized.lto_priv.41
                0x20000d52        0x1 C:\Users\CYIRKO~1\AppData\Local\Temp\ccYJVLXS.ltrans3.ltrans.o
                0x20000d52                adcInitialized.lto_priv.41
 *fill*         0x20000d53        0x1 
 .bss.adc_raw_buffer.lto_priv.39
                0x20000d54       0x20 C:\Users\CYIRKO~1\AppData\Local\Temp\ccYJVLXS.ltrans3.ltrans.o
                0x20000d54                adc_raw_buffer.lto_priv.39
 .bss.almost_turned
                0x20000d74        0x1 C:\Users\CYIRKO~1\AppData\Local\Temp\ccYJVLXS.ltrans3.ltrans.o
 *fill*         0x20000d75        0x3 
 .bss.ch        0x20000d78       0x74 C:\Users\CYIRKO~1\AppData\Local\Temp\ccYJVLXS.ltrans3.ltrans.o
                0x20000d78                ch
 .bss.currentDistance
                0x20000dec        0x4 C:\Users\CYIRKO~1\AppData\Local\Temp\ccYJVLXS.ltrans3.ltrans.o
                0x20000dec                currentDistance
 .bss.currentNow
                0x20000df0        0x2 C:\Users\CYIRKO~1\AppData\Local\Temp\ccYJVLXS.ltrans3.ltrans.o
 *fill*         0x20000df2        0x2 
 .bss.diffDistance
                0x20000df4        0x4 C:\Users\CYIRKO~1\AppData\Local\Temp\ccYJVLXS.ltrans3.ltrans.o
 .bss.dma_isr_redir.lto_priv.49
                0x20000df8       0x80 C:\Users\CYIRKO~1\AppData\Local\Temp\ccYJVLXS.ltrans3.ltrans.o
                0x20000df8                dma_isr_redir.lto_priv.49
 .bss.dma_streams_mask.lto_priv.48
                0x20000e78        0x4 C:\Users\CYIRKO~1\AppData\Local\Temp\ccYJVLXS.ltrans3.ltrans.o
                0x20000e78                dma_streams_mask.lto_priv.48
 .bss.drive_enable
                0x20000e7c        0x1 C:\Users\CYIRKO~1\AppData\Local\Temp\ccYJVLXS.ltrans3.ltrans.o
                0x20000e7c                drive_enable
 *fill*         0x20000e7d        0x3 
 .bss.encoderTicks
                0x20000e80        0x4 C:\Users\CYIRKO~1\AppData\Local\Temp\ccYJVLXS.ltrans3.ltrans.o
                0x20000e80                encoderTicks
 .bss.filtered_buffer.lto_priv.40
                0x20000e84       0x10 C:\Users\CYIRKO~1\AppData\Local\Temp\ccYJVLXS.ltrans3.ltrans.o
                0x20000e84                filtered_buffer.lto_priv.40
 .bss.fuzzyCurrent
                0x20000e94        0x2 C:\Users\CYIRKO~1\AppData\Local\Temp\ccYJVLXS.ltrans3.ltrans.o
 *fill*         0x20000e96        0x2 
 .bss.kd        0x20000e98        0x4 C:\Users\CYIRKO~1\AppData\Local\Temp\ccYJVLXS.ltrans3.ltrans.o
 .bss.ki        0x20000e9c        0x4 C:\Users\CYIRKO~1\AppData\Local\Temp\ccYJVLXS.ltrans3.ltrans.o
 .bss.kp        0x20000ea0        0x4 C:\Users\CYIRKO~1\AppData\Local\Temp\ccYJVLXS.ltrans3.ltrans.o
 .bss.prevDistance
                0x20000ea4        0x4 C:\Users\CYIRKO~1\AppData\Local\Temp\ccYJVLXS.ltrans3.ltrans.o
                0x20000ea4                prevDistance
 .bss.prev_err  0x20000ea8        0x2 C:\Users\CYIRKO~1\AppData\Local\Temp\ccYJVLXS.ltrans3.ltrans.o
 .bss.time_potok
                0x20000eaa        0x2 C:\Users\CYIRKO~1\AppData\Local\Temp\ccYJVLXS.ltrans3.ltrans.o
 .bss.turn_dir  0x20000eac        0x1 C:\Users\CYIRKO~1\AppData\Local\Temp\ccYJVLXS.ltrans3.ltrans.o
 *fill*         0x20000ead        0x1 
 .bss.turn_to   0x20000eae        0x2 C:\Users\CYIRKO~1\AppData\Local\Temp\ccYJVLXS.ltrans3.ltrans.o
 .bss.turned    0x20000eb0        0x1 C:\Users\CYIRKO~1\AppData\Local\Temp\ccYJVLXS.ltrans3.ltrans.o
 *fill*         0x20000eb1        0x3 
 .bss.DinADC    0x20000eb4        0x4 C:\Users\CYIRKO~1\AppData\Local\Temp\ccYJVLXS.ltrans4.ltrans.o
                0x20000eb4                DinADC
 .bss.DinCur    0x20000eb8        0x4 C:\Users\CYIRKO~1\AppData\Local\Temp\ccYJVLXS.ltrans4.ltrans.o
                0x20000eb8                DinCur
 .bss.isInitialized
                0x20000ebc        0x1 C:\Users\CYIRKO~1\AppData\Local\Temp\ccYJVLXS.ltrans4.ltrans.o
 .bss.parking_enable
                0x20000ebd        0x1 C:\Users\CYIRKO~1\AppData\Local\Temp\ccYJVLXS.ltrans4.ltrans.o
                0x20000ebd                parking_enable
 *(COMMON)
                0x20000ec0                . = ALIGN (0x4)
 *fill*         0x20000ebe        0x2 
                0x20000ec0                _bss_end = .
                [!provide]                PROVIDE (end, .)

.ram0_init      0x20020664        0x0 load address 0x0800590c
                0x20020664                . = ALIGN (0x4)
                0x0800590c                __ram0_init_text__ = LOADADDR (.ram0_init)
                0x20020664                __ram0_init__ = .
 *(.ram0_init)
 *(.ram0_init.*)
                0x20020664                . = ALIGN (0x4)

.ram0           0x20020664        0x0 load address 0x0800590c
                0x20020664                . = ALIGN (0x4)
                0x20020664                __ram0_clear__ = .
 *(.ram0_clear)
 *(.ram0_clear.*)
                0x20020664                . = ALIGN (0x4)
                0x20020664                __ram0_noinit__ = .
 *(.ram0)
 *(.ram0.*)
                0x20020664                . = ALIGN (0x4)
                0x20020664                __ram0_free__ = .

.ram1_init      0x20020000        0x0 load address 0x0800590c
                0x20020000                . = ALIGN (0x4)
                0x0800590c                __ram1_init_text__ = LOADADDR (.ram1_init)
                0x20020000                __ram1_init__ = .
 *(.ram1_init)
 *(.ram1_init.*)
                0x20020000                . = ALIGN (0x4)

.ram1           0x20020000        0x0 load address 0x0800590c
                0x20020000                . = ALIGN (0x4)
                0x20020000                __ram1_clear__ = .
 *(.ram1_clear)
 *(.ram1_clear.*)
                0x20020000                . = ALIGN (0x4)
                0x20020000                __ram1_noinit__ = .
 *(.ram1)
 *(.ram1.*)
                0x20020000                . = ALIGN (0x4)
                0x20020000                __ram1_free__ = .

.ram2_init      0x2007c000        0x0 load address 0x0800590c
                0x2007c000                . = ALIGN (0x4)
                0x0800590c                __ram2_init_text__ = LOADADDR (.ram2_init)
                0x2007c000                __ram2_init__ = .
 *(.ram2_init)
 *(.ram2_init.*)
                0x2007c000                . = ALIGN (0x4)

.ram2           0x2007c000        0x0 load address 0x0800590c
                0x2007c000                . = ALIGN (0x4)
                0x2007c000                __ram2_clear__ = .
 *(.ram2_clear)
 *(.ram2_clear.*)
                0x2007c000                . = ALIGN (0x4)
                0x2007c000                __ram2_noinit__ = .
 *(.ram2)
 *(.ram2.*)
                0x2007c000                . = ALIGN (0x4)
                0x2007c000                __ram2_free__ = .

.ram3_init      0x20000ec0        0x0 load address 0x0800590c
                0x20000ec0                . = ALIGN (0x4)
                0x0800590c                __ram3_init_text__ = LOADADDR (.ram3_init)
                0x20000ec0                __ram3_init__ = .
 *(.ram3_init)
 *(.ram3_init.*)
                0x20000ec0                . = ALIGN (0x4)

.ram3           0x20000ec0        0x0 load address 0x0800590c
                0x20000ec0                . = ALIGN (0x4)
                0x20000ec0                __ram3_clear__ = .
 *(.ram3_clear)
 *(.ram3_clear.*)
                0x20000ec0                . = ALIGN (0x4)
                0x20000ec0                __ram3_noinit__ = .
 *(.ram3)
 *(.ram3.*)
                0x20000ec0                . = ALIGN (0x4)
                0x20000ec0                __ram3_free__ = .

.ram4_init      0x00000000        0x0 load address 0x0800590c
                0x00000000                . = ALIGN (0x4)
                0x0800590c                __ram4_init_text__ = LOADADDR (.ram4_init)
                0x00000000                __ram4_init__ = .
 *(.ram4_init)
 *(.ram4_init.*)
                0x00000000                . = ALIGN (0x4)

.ram4           0x00000000        0x0 load address 0x0800590c
                0x00000000                . = ALIGN (0x4)
                0x00000000                __ram4_clear__ = .
 *(.ram4_clear)
 *(.ram4_clear.*)
                0x00000000                . = ALIGN (0x4)
                0x00000000                __ram4_noinit__ = .
 *(.ram4)
 *(.ram4.*)
                0x00000000                . = ALIGN (0x4)
                0x00000000                __ram4_free__ = .

.ram5_init      0x40024000        0x0 load address 0x0800590c
                0x40024000                . = ALIGN (0x4)
                0x0800590c                __ram5_init_text__ = LOADADDR (.ram5_init)
                0x40024000                __ram5_init__ = .
 *(.ram5_init)
 *(.ram5_init.*)
                0x40024000                . = ALIGN (0x4)

.ram5           0x40024000        0x0 load address 0x0800590c
                0x40024000                . = ALIGN (0x4)
                0x40024000                __ram5_clear__ = .
 *(.ram5_clear)
 *(.ram5_clear.*)
                0x40024000                . = ALIGN (0x4)
                0x40024000                __ram5_noinit__ = .
 *(.ram5)
 *(.ram5.*)
                0x40024000                . = ALIGN (0x4)
                0x40024000                __ram5_free__ = .

.ram6_init      0x00000000        0x0 load address 0x0800590c
                0x00000000                . = ALIGN (0x4)
                0x0800590c                __ram6_init_text__ = LOADADDR (.ram6_init)
                0x00000000                __ram6_init__ = .
 *(.ram6_init)
 *(.ram6_init.*)
                0x00000000                . = ALIGN (0x4)

.ram6           0x00000000        0x0 load address 0x0800590c
                0x00000000                . = ALIGN (0x4)
                0x00000000                __ram6_clear__ = .
 *(.ram6_clear)
 *(.ram6_clear.*)
                0x00000000                . = ALIGN (0x4)
                0x00000000                __ram6_noinit__ = .
 *(.ram6)
 *(.ram6.*)
                0x00000000                . = ALIGN (0x4)
                0x00000000                __ram6_free__ = .

.ram7_init      0x00000000        0x0 load address 0x0800590c
                0x00000000                . = ALIGN (0x4)
                0x0800590c                __ram7_init_text__ = LOADADDR (.ram7_init)
                0x00000000                __ram7_init__ = .
 *(.ram7_init)
 *(.ram7_init.*)
                0x00000000                . = ALIGN (0x4)

.ram7           0x00000000        0x0 load address 0x0800590c
                0x00000000                . = ALIGN (0x4)
                0x00000000                __ram7_clear__ = .
 *(.ram7_clear)
 *(.ram7_clear.*)
                0x00000000                . = ALIGN (0x4)
                0x00000000                __ram7_noinit__ = .
 *(.ram7)
 *(.ram7.*)
                0x00000000                . = ALIGN (0x4)
                0x00000000                __ram7_free__ = .

.heap           0x20020664    0x5f99c
                0x20020668                . = ALIGN (0x8)
 *fill*         0x20020664        0x4 
                0x20020668                __heap_base__ = .
                0x20080000                . = (ORIGIN (HEAP_RAM) + LENGTH (HEAP_RAM))
 *fill*         0x20020668    0x5f998 
                0x20080000                __heap_end__ = .
                0x00000400                __process_stack_size__ = 0x400
                0x00000400                __main_stack_size__ = 0x400
LOAD e:/chibistudio/tools/gnu tools arm embedded/6.3 2017q1/bin/../lib/gcc/arm-none-eabi/6.3.1/../../../../arm-none-eabi/lib/thumb/v7e-m\libm.a
START GROUP
LOAD e:/chibistudio/tools/gnu tools arm embedded/6.3 2017q1/bin/../lib/gcc/arm-none-eabi/6.3.1/thumb/v7e-m\libgcc.a
LOAD e:/chibistudio/tools/gnu tools arm embedded/6.3 2017q1/bin/../lib/gcc/arm-none-eabi/6.3.1/../../../../arm-none-eabi/lib/thumb/v7e-m\libg.a
LOAD e:/chibistudio/tools/gnu tools arm embedded/6.3 2017q1/bin/../lib/gcc/arm-none-eabi/6.3.1/../../../../arm-none-eabi/lib/thumb/v7e-m\libc.a
END GROUP
OUTPUT(build/ch.elf elf32-littlearm)

.ARM.attributes
                0x00000000       0x2f
 .ARM.attributes
                0x00000000       0x21 build/obj/crt0_v7m.o
 .ARM.attributes
                0x00000021       0x21 build/obj/chcoreasm_v7m.o
 .ARM.attributes
                0x00000042       0x31 C:\Users\CYIRKO~1\AppData\Local\Temp\ccYJVLXS.ltrans0.ltrans.o
 .ARM.attributes
                0x00000073       0x31 C:\Users\CYIRKO~1\AppData\Local\Temp\ccYJVLXS.ltrans1.ltrans.o
 .ARM.attributes
                0x000000a4       0x31 C:\Users\CYIRKO~1\AppData\Local\Temp\ccYJVLXS.ltrans2.ltrans.o
 .ARM.attributes
                0x000000d5       0x31 C:\Users\CYIRKO~1\AppData\Local\Temp\ccYJVLXS.ltrans3.ltrans.o
 .ARM.attributes
                0x00000106       0x31 C:\Users\CYIRKO~1\AppData\Local\Temp\ccYJVLXS.ltrans4.ltrans.o
 .ARM.attributes
                0x00000137       0x2e e:/chibistudio/tools/gnu tools arm embedded/6.3 2017q1/bin/../lib/gcc/arm-none-eabi/6.3.1/../../../../arm-none-eabi/lib/thumb/v7e-m\libg.a(lib_a-atoi.o)
 .ARM.attributes
                0x00000165       0x2e e:/chibistudio/tools/gnu tools arm embedded/6.3 2017q1/bin/../lib/gcc/arm-none-eabi/6.3.1/../../../../arm-none-eabi/lib/thumb/v7e-m\libg.a(lib_a-strtol.o)
 .ARM.attributes
                0x00000193       0x2e e:/chibistudio/tools/gnu tools arm embedded/6.3 2017q1/bin/../lib/gcc/arm-none-eabi/6.3.1/../../../../arm-none-eabi/lib/thumb/v7e-m\libg.a(lib_a-impure.o)
 .ARM.attributes
                0x000001c1       0x2e e:/chibistudio/tools/gnu tools arm embedded/6.3 2017q1/bin/../lib/gcc/arm-none-eabi/6.3.1/../../../../arm-none-eabi/lib/thumb/v7e-m\libg.a(lib_a-locale.o)
 .ARM.attributes
                0x000001ef       0x2e e:/chibistudio/tools/gnu tools arm embedded/6.3 2017q1/bin/../lib/gcc/arm-none-eabi/6.3.1/../../../../arm-none-eabi/lib/thumb/v7e-m\libg.a(lib_a-mbtowc_r.o)
 .ARM.attributes
                0x0000021d       0x2e e:/chibistudio/tools/gnu tools arm embedded/6.3 2017q1/bin/../lib/gcc/arm-none-eabi/6.3.1/../../../../arm-none-eabi/lib/thumb/v7e-m\libg.a(lib_a-wctomb_r.o)
 .ARM.attributes
                0x0000024b       0x2e e:/chibistudio/tools/gnu tools arm embedded/6.3 2017q1/bin/../lib/gcc/arm-none-eabi/6.3.1/../../../../arm-none-eabi/lib/thumb/v7e-m\libg.a(lib_a-ctype_.o)
 .ARM.attributes
                0x00000279       0x1e e:/chibistudio/tools/gnu tools arm embedded/6.3 2017q1/bin/../lib/gcc/arm-none-eabi/6.3.1/thumb/v7e-m\libgcc.a(_arm_addsubdf3.o)
 .ARM.attributes
                0x00000297       0x1e e:/chibistudio/tools/gnu tools arm embedded/6.3 2017q1/bin/../lib/gcc/arm-none-eabi/6.3.1/thumb/v7e-m\libgcc.a(_arm_muldivdf3.o)
 .ARM.attributes
                0x000002b5       0x1e e:/chibistudio/tools/gnu tools arm embedded/6.3 2017q1/bin/../lib/gcc/arm-none-eabi/6.3.1/thumb/v7e-m\libgcc.a(_arm_cmpdf2.o)
 .ARM.attributes
                0x000002d3       0x1e e:/chibistudio/tools/gnu tools arm embedded/6.3 2017q1/bin/../lib/gcc/arm-none-eabi/6.3.1/thumb/v7e-m\libgcc.a(_arm_fixdfsi.o)
 .ARM.attributes
                0x000002f1       0x1e e:/chibistudio/tools/gnu tools arm embedded/6.3 2017q1/bin/../lib/gcc/arm-none-eabi/6.3.1/thumb/v7e-m\libgcc.a(_arm_fixunsdfsi.o)
 .ARM.attributes
                0x0000030f       0x1e e:/chibistudio/tools/gnu tools arm embedded/6.3 2017q1/bin/../lib/gcc/arm-none-eabi/6.3.1/thumb/v7e-m\libgcc.a(_arm_truncdfsf2.o)
 .ARM.attributes
                0x0000032d       0x1e e:/chibistudio/tools/gnu tools arm embedded/6.3 2017q1/bin/../lib/gcc/arm-none-eabi/6.3.1/thumb/v7e-m\libgcc.a(_arm_addsubsf3.o)
 .ARM.attributes
                0x0000034b       0x1e e:/chibistudio/tools/gnu tools arm embedded/6.3 2017q1/bin/../lib/gcc/arm-none-eabi/6.3.1/thumb/v7e-m\libgcc.a(_arm_muldivsf3.o)
 .ARM.attributes
                0x00000369       0x1e e:/chibistudio/tools/gnu tools arm embedded/6.3 2017q1/bin/../lib/gcc/arm-none-eabi/6.3.1/thumb/v7e-m\libgcc.a(_arm_cmpsf2.o)
 .ARM.attributes
                0x00000387       0x1e e:/chibistudio/tools/gnu tools arm embedded/6.3 2017q1/bin/../lib/gcc/arm-none-eabi/6.3.1/thumb/v7e-m\libgcc.a(_arm_fixsfsi.o)
 .ARM.attributes
                0x000003a5       0x1e e:/chibistudio/tools/gnu tools arm embedded/6.3 2017q1/bin/../lib/gcc/arm-none-eabi/6.3.1/thumb/v7e-m\libgcc.a(_arm_fixunssfsi.o)

.comment        0x00000000       0x7f
 .comment       0x00000000       0x7f C:\Users\CYIRKO~1\AppData\Local\Temp\ccYJVLXS.ltrans0.ltrans.o
                                 0x80 (size before relaxing)
 .comment       0x0000007f       0x80 C:\Users\CYIRKO~1\AppData\Local\Temp\ccYJVLXS.ltrans1.ltrans.o
 .comment       0x0000007f       0x80 C:\Users\CYIRKO~1\AppData\Local\Temp\ccYJVLXS.ltrans2.ltrans.o
 .comment       0x0000007f       0x80 C:\Users\CYIRKO~1\AppData\Local\Temp\ccYJVLXS.ltrans3.ltrans.o
 .comment       0x0000007f       0x80 C:\Users\CYIRKO~1\AppData\Local\Temp\ccYJVLXS.ltrans4.ltrans.o

.debug_info     0x00000000     0xdfc0
 .debug_info    0x00000000     0x44c8 C:\Users\CYIRKO~1\AppData\Local\Temp\ccYJVLXS.ltrans0.ltrans.o
 .debug_info    0x000044c8     0x34c4 C:\Users\CYIRKO~1\AppData\Local\Temp\ccYJVLXS.ltrans1.ltrans.o
 .debug_info    0x0000798c     0x29e1 C:\Users\CYIRKO~1\AppData\Local\Temp\ccYJVLXS.ltrans2.ltrans.o
 .debug_info    0x0000a36d     0x301b C:\Users\CYIRKO~1\AppData\Local\Temp\ccYJVLXS.ltrans3.ltrans.o
 .debug_info    0x0000d388      0xc38 C:\Users\CYIRKO~1\AppData\Local\Temp\ccYJVLXS.ltrans4.ltrans.o

.debug_abbrev   0x00000000     0x18af
 .debug_abbrev  0x00000000      0x48b C:\Users\CYIRKO~1\AppData\Local\Temp\ccYJVLXS.ltrans0.ltrans.o
 .debug_abbrev  0x0000048b      0x642 C:\Users\CYIRKO~1\AppData\Local\Temp\ccYJVLXS.ltrans1.ltrans.o
 .debug_abbrev  0x00000acd      0x50b C:\Users\CYIRKO~1\AppData\Local\Temp\ccYJVLXS.ltrans2.ltrans.o
 .debug_abbrev  0x00000fd8      0x5d7 C:\Users\CYIRKO~1\AppData\Local\Temp\ccYJVLXS.ltrans3.ltrans.o
 .debug_abbrev  0x000015af      0x300 C:\Users\CYIRKO~1\AppData\Local\Temp\ccYJVLXS.ltrans4.ltrans.o

.debug_loc      0x00000000     0x49bf
 .debug_loc     0x00000000     0x125d C:\Users\CYIRKO~1\AppData\Local\Temp\ccYJVLXS.ltrans0.ltrans.o
 .debug_loc     0x0000125d     0x168c C:\Users\CYIRKO~1\AppData\Local\Temp\ccYJVLXS.ltrans1.ltrans.o
 .debug_loc     0x000028e9      0xc68 C:\Users\CYIRKO~1\AppData\Local\Temp\ccYJVLXS.ltrans2.ltrans.o
 .debug_loc     0x00003551     0x133f C:\Users\CYIRKO~1\AppData\Local\Temp\ccYJVLXS.ltrans3.ltrans.o
 .debug_loc     0x00004890      0x12f C:\Users\CYIRKO~1\AppData\Local\Temp\ccYJVLXS.ltrans4.ltrans.o

.debug_aranges  0x00000000      0x3c0
 .debug_aranges
                0x00000000       0x20 C:\Users\CYIRKO~1\AppData\Local\Temp\ccYJVLXS.ltrans0.ltrans.o
 .debug_aranges
                0x00000020      0x190 C:\Users\CYIRKO~1\AppData\Local\Temp\ccYJVLXS.ltrans1.ltrans.o
 .debug_aranges
                0x000001b0      0x138 C:\Users\CYIRKO~1\AppData\Local\Temp\ccYJVLXS.ltrans2.ltrans.o
 .debug_aranges
                0x000002e8       0x88 C:\Users\CYIRKO~1\AppData\Local\Temp\ccYJVLXS.ltrans3.ltrans.o
 .debug_aranges
                0x00000370       0x50 C:\Users\CYIRKO~1\AppData\Local\Temp\ccYJVLXS.ltrans4.ltrans.o

.debug_ranges   0x00000000     0x2038
 .debug_ranges  0x00000000     0x13b8 C:\Users\CYIRKO~1\AppData\Local\Temp\ccYJVLXS.ltrans0.ltrans.o
 .debug_ranges  0x000013b8      0x4f8 C:\Users\CYIRKO~1\AppData\Local\Temp\ccYJVLXS.ltrans1.ltrans.o
 .debug_ranges  0x000018b0      0x310 C:\Users\CYIRKO~1\AppData\Local\Temp\ccYJVLXS.ltrans2.ltrans.o
 .debug_ranges  0x00001bc0      0x3f8 C:\Users\CYIRKO~1\AppData\Local\Temp\ccYJVLXS.ltrans3.ltrans.o
 .debug_ranges  0x00001fb8       0x80 C:\Users\CYIRKO~1\AppData\Local\Temp\ccYJVLXS.ltrans4.ltrans.o

.debug_line     0x00000000     0x44cb
 .debug_line    0x00000000     0x151a C:\Users\CYIRKO~1\AppData\Local\Temp\ccYJVLXS.ltrans0.ltrans.o
 .debug_line    0x0000151a      0xf86 C:\Users\CYIRKO~1\AppData\Local\Temp\ccYJVLXS.ltrans1.ltrans.o
 .debug_line    0x000024a0      0xe7f C:\Users\CYIRKO~1\AppData\Local\Temp\ccYJVLXS.ltrans2.ltrans.o
 .debug_line    0x0000331f      0xcde C:\Users\CYIRKO~1\AppData\Local\Temp\ccYJVLXS.ltrans3.ltrans.o
 .debug_line    0x00003ffd      0x4ce C:\Users\CYIRKO~1\AppData\Local\Temp\ccYJVLXS.ltrans4.ltrans.o

.debug_str      0x00000000     0x281a
 .debug_str     0x00000000     0x1461 C:\Users\CYIRKO~1\AppData\Local\Temp\ccYJVLXS.ltrans0.ltrans.o
                               0x159f (size before relaxing)
 .debug_str     0x00001461      0x693 C:\Users\CYIRKO~1\AppData\Local\Temp\ccYJVLXS.ltrans1.ltrans.o
                                0xf20 (size before relaxing)
 .debug_str     0x00001af4      0x44a C:\Users\CYIRKO~1\AppData\Local\Temp\ccYJVLXS.ltrans2.ltrans.o
                                0xe8e (size before relaxing)
 .debug_str     0x00001f3e      0x816 C:\Users\CYIRKO~1\AppData\Local\Temp\ccYJVLXS.ltrans3.ltrans.o
                               0x14c1 (size before relaxing)
 .debug_str     0x00002754       0xc6 C:\Users\CYIRKO~1\AppData\Local\Temp\ccYJVLXS.ltrans4.ltrans.o
                                0x7ab (size before relaxing)

.debug_frame    0x00000000     0x11f0
 .debug_frame   0x00000000       0x30 C:\Users\CYIRKO~1\AppData\Local\Temp\ccYJVLXS.ltrans0.ltrans.o
 .debug_frame   0x00000030      0x52c C:\Users\CYIRKO~1\AppData\Local\Temp\ccYJVLXS.ltrans1.ltrans.o
 .debug_frame   0x0000055c      0x444 C:\Users\CYIRKO~1\AppData\Local\Temp\ccYJVLXS.ltrans2.ltrans.o
 .debug_frame   0x000009a0      0x1ec C:\Users\CYIRKO~1\AppData\Local\Temp\ccYJVLXS.ltrans3.ltrans.o
 .debug_frame   0x00000b8c       0xe8 C:\Users\CYIRKO~1\AppData\Local\Temp\ccYJVLXS.ltrans4.ltrans.o
 .debug_frame   0x00000c74       0x30 e:/chibistudio/tools/gnu tools arm embedded/6.3 2017q1/bin/../lib/gcc/arm-none-eabi/6.3.1/../../../../arm-none-eabi/lib/thumb/v7e-m\libg.a(lib_a-atoi.o)
 .debug_frame   0x00000ca4       0x98 e:/chibistudio/tools/gnu tools arm embedded/6.3 2017q1/bin/../lib/gcc/arm-none-eabi/6.3.1/../../../../arm-none-eabi/lib/thumb/v7e-m\libg.a(lib_a-strtol.o)
 .debug_frame   0x00000d3c       0x6c e:/chibistudio/tools/gnu tools arm embedded/6.3 2017q1/bin/../lib/gcc/arm-none-eabi/6.3.1/../../../../arm-none-eabi/lib/thumb/v7e-m\libg.a(lib_a-locale.o)
 .debug_frame   0x00000da8       0x4c e:/chibistudio/tools/gnu tools arm embedded/6.3 2017q1/bin/../lib/gcc/arm-none-eabi/6.3.1/../../../../arm-none-eabi/lib/thumb/v7e-m\libg.a(lib_a-mbtowc_r.o)
 .debug_frame   0x00000df4       0x3c e:/chibistudio/tools/gnu tools arm embedded/6.3 2017q1/bin/../lib/gcc/arm-none-eabi/6.3.1/../../../../arm-none-eabi/lib/thumb/v7e-m\libg.a(lib_a-wctomb_r.o)
 .debug_frame   0x00000e30       0xac e:/chibistudio/tools/gnu tools arm embedded/6.3 2017q1/bin/../lib/gcc/arm-none-eabi/6.3.1/thumb/v7e-m\libgcc.a(_arm_addsubdf3.o)
 .debug_frame   0x00000edc       0x50 e:/chibistudio/tools/gnu tools arm embedded/6.3 2017q1/bin/../lib/gcc/arm-none-eabi/6.3.1/thumb/v7e-m\libgcc.a(_arm_muldivdf3.o)
 .debug_frame   0x00000f2c       0xc4 e:/chibistudio/tools/gnu tools arm embedded/6.3 2017q1/bin/../lib/gcc/arm-none-eabi/6.3.1/thumb/v7e-m\libgcc.a(_arm_cmpdf2.o)
 .debug_frame   0x00000ff0       0x24 e:/chibistudio/tools/gnu tools arm embedded/6.3 2017q1/bin/../lib/gcc/arm-none-eabi/6.3.1/thumb/v7e-m\libgcc.a(_arm_fixdfsi.o)
 .debug_frame   0x00001014       0x24 e:/chibistudio/tools/gnu tools arm embedded/6.3 2017q1/bin/../lib/gcc/arm-none-eabi/6.3.1/thumb/v7e-m\libgcc.a(_arm_fixunsdfsi.o)
 .debug_frame   0x00001038       0x24 e:/chibistudio/tools/gnu tools arm embedded/6.3 2017q1/bin/../lib/gcc/arm-none-eabi/6.3.1/thumb/v7e-m\libgcc.a(_arm_truncdfsf2.o)
 .debug_frame   0x0000105c       0x4c e:/chibistudio/tools/gnu tools arm embedded/6.3 2017q1/bin/../lib/gcc/arm-none-eabi/6.3.1/thumb/v7e-m\libgcc.a(_arm_addsubsf3.o)
 .debug_frame   0x000010a8       0x38 e:/chibistudio/tools/gnu tools arm embedded/6.3 2017q1/bin/../lib/gcc/arm-none-eabi/6.3.1/thumb/v7e-m\libgcc.a(_arm_muldivsf3.o)
 .debug_frame   0x000010e0       0xc8 e:/chibistudio/tools/gnu tools arm embedded/6.3 2017q1/bin/../lib/gcc/arm-none-eabi/6.3.1/thumb/v7e-m\libgcc.a(_arm_cmpsf2.o)
 .debug_frame   0x000011a8       0x24 e:/chibistudio/tools/gnu tools arm embedded/6.3 2017q1/bin/../lib/gcc/arm-none-eabi/6.3.1/thumb/v7e-m\libgcc.a(_arm_fixsfsi.o)
 .debug_frame   0x000011cc       0x24 e:/chibistudio/tools/gnu tools arm embedded/6.3 2017q1/bin/../lib/gcc/arm-none-eabi/6.3.1/thumb/v7e-m\libgcc.a(_arm_fixunssfsi.o)

Cross Reference Table

Symbol                                            File
ADCD1                                             C:\Users\CYIRKO~1\AppData\Local\Temp\ccYJVLXS.ltrans3.ltrans.o
                                                  build/obj/hal_adc_lld.o (symbol from plugin)
                                                  C:\Users\CYIRKO~1\AppData\Local\Temp\ccYJVLXS.ltrans2.ltrans.o
                                                  C:\Users\CYIRKO~1\AppData\Local\Temp\ccYJVLXS.ltrans0.ltrans.o
                                                  build/obj/common.o (symbol from plugin)
BrakeFunc                                         build/obj/motCtrl.o (symbol from plugin)
                                                  build/obj/init_ADC.o (symbol from plugin)
BusFault_Handler                                  C:\Users\CYIRKO~1\AppData\Local\Temp\ccYJVLXS.ltrans1.ltrans.o
                                                  build/obj/vectors.o (symbol from plugin)
                                                  C:\Users\CYIRKO~1\AppData\Local\Temp\ccYJVLXS.ltrans2.ltrans.o
Curr                                              build/obj/steering_wheel.o (symbol from plugin)
CurrI                                             build/obj/steering_wheel.o (symbol from plugin)
CurrP                                             build/obj/steering_wheel.o (symbol from plugin)
D                                                 build/obj/steering_wheel.o (symbol from plugin)
DACD1                                             C:\Users\CYIRKO~1\AppData\Local\Temp\ccYJVLXS.ltrans3.ltrans.o
                                                  build/obj/hal_dac_lld.o (symbol from plugin)
                                                  C:\Users\CYIRKO~1\AppData\Local\Temp\ccYJVLXS.ltrans0.ltrans.o
                                                  build/obj/drive_speed.o (symbol from plugin)
DebugMon_Handler                                  C:\Users\CYIRKO~1\AppData\Local\Temp\ccYJVLXS.ltrans1.ltrans.o
                                                  build/obj/vectors.o (symbol from plugin)
                                                  C:\Users\CYIRKO~1\AppData\Local\Temp\ccYJVLXS.ltrans2.ltrans.o
Dima_speed                                        build/obj/steering_wheel.o (symbol from plugin)
DinADC                                            C:\Users\CYIRKO~1\AppData\Local\Temp\ccYJVLXS.ltrans4.ltrans.o
                                                  build/obj/ADC.o (symbol from plugin)
                                                  C:\Users\CYIRKO~1\AppData\Local\Temp\ccYJVLXS.ltrans0.ltrans.o
DinCur                                            C:\Users\CYIRKO~1\AppData\Local\Temp\ccYJVLXS.ltrans4.ltrans.o
                                                  build/obj/ADC.o (symbol from plugin)
                                                  C:\Users\CYIRKO~1\AppData\Local\Temp\ccYJVLXS.ltrans0.ltrans.o
EXTD1                                             C:\Users\CYIRKO~1\AppData\Local\Temp\ccYJVLXS.ltrans0.ltrans.o
                                                  build/obj/hal_ext_lld.o (symbol from plugin)
                                                  C:\Users\CYIRKO~1\AppData\Local\Temp\ccYJVLXS.ltrans1.ltrans.o
                                                  build/obj/enc.o (symbol from plugin)
                                                  build/obj/hal_ext_lld_isr.o (symbol from plugin)
EXT_CB_A                                          C:\Users\CYIRKO~1\AppData\Local\Temp\ccYJVLXS.ltrans4.ltrans.o
                                                  build/obj/common.o (symbol from plugin)
                                                  C:\Users\CYIRKO~1\AppData\Local\Temp\ccYJVLXS.ltrans0.ltrans.o
                                                  build/obj/enc.o (symbol from plugin)
EXT_CB_PARK_ENABLE                                C:\Users\CYIRKO~1\AppData\Local\Temp\ccYJVLXS.ltrans4.ltrans.o
                                                  build/obj/common.o (symbol from plugin)
                                                  C:\Users\CYIRKO~1\AppData\Local\Temp\ccYJVLXS.ltrans0.ltrans.o
                                                  build/obj/enc.o (symbol from plugin)
Filter_Mediana                                    build/obj/sonar_sensors.o (symbol from plugin)
Fuzzy_Init                                        build/obj/motCtrl.o (symbol from plugin)
                                                  build/obj/main.o (symbol from plugin)
GPT9cfg                                           C:\Users\CYIRKO~1\AppData\Local\Temp\ccYJVLXS.ltrans3.ltrans.o
                                                  build/obj/odometry.o (symbol from plugin)
                                                  C:\Users\CYIRKO~1\AppData\Local\Temp\ccYJVLXS.ltrans0.ltrans.o
GPTD6                                             C:\Users\CYIRKO~1\AppData\Local\Temp\ccYJVLXS.ltrans3.ltrans.o
                                                  build/obj/hal_gpt_lld.o (symbol from plugin)
                                                  C:\Users\CYIRKO~1\AppData\Local\Temp\ccYJVLXS.ltrans2.ltrans.o
                                                  C:\Users\CYIRKO~1\AppData\Local\Temp\ccYJVLXS.ltrans0.ltrans.o
                                                  build/obj/common.o (symbol from plugin)
GPTD9                                             C:\Users\CYIRKO~1\AppData\Local\Temp\ccYJVLXS.ltrans0.ltrans.o
                                                  build/obj/hal_gpt_lld.o (symbol from plugin)
                                                  C:\Users\CYIRKO~1\AppData\Local\Temp\ccYJVLXS.ltrans2.ltrans.o
                                                  build/obj/odometry.o (symbol from plugin)
HardFault_Handler                                 C:\Users\CYIRKO~1\AppData\Local\Temp\ccYJVLXS.ltrans1.ltrans.o
                                                  build/obj/vectors.o (symbol from plugin)
                                                  C:\Users\CYIRKO~1\AppData\Local\Temp\ccYJVLXS.ltrans2.ltrans.o
I                                                 C:\Users\CYIRKO~1\AppData\Local\Temp\ccYJVLXS.ltrans3.ltrans.o
                                                  build/obj/steering_wheel.o (symbol from plugin)
                                                  C:\Users\CYIRKO~1\AppData\Local\Temp\ccYJVLXS.ltrans4.ltrans.o
                                                  build/obj/common.o (symbol from plugin)
MemManage_Handler                                 C:\Users\CYIRKO~1\AppData\Local\Temp\ccYJVLXS.ltrans1.ltrans.o
                                                  build/obj/vectors.o (symbol from plugin)
                                                  C:\Users\CYIRKO~1\AppData\Local\Temp\ccYJVLXS.ltrans2.ltrans.o
NMI_Handler                                       C:\Users\CYIRKO~1\AppData\Local\Temp\ccYJVLXS.ltrans1.ltrans.o
                                                  build/obj/vectors.o (symbol from plugin)
                                                  C:\Users\CYIRKO~1\AppData\Local\Temp\ccYJVLXS.ltrans2.ltrans.o
P                                                 build/obj/steering_wheel.o (symbol from plugin)
PIControlInit                                     build/obj/motCtrl.o (symbol from plugin)
PIControlResponse                                 build/obj/motCtrl.o (symbol from plugin)
PID                                               build/obj/steering_wheel.o (symbol from plugin)
PWMD1                                             C:\Users\CYIRKO~1\AppData\Local\Temp\ccYJVLXS.ltrans3.ltrans.o
                                                  build/obj/hal_pwm_lld.o (symbol from plugin)
                                                  C:\Users\CYIRKO~1\AppData\Local\Temp\ccYJVLXS.ltrans2.ltrans.o
                                                  C:\Users\CYIRKO~1\AppData\Local\Temp\ccYJVLXS.ltrans0.ltrans.o
                                                  build/obj/steering_wheel.o (symbol from plugin)
PWMD2                                             C:\Users\CYIRKO~1\AppData\Local\Temp\ccYJVLXS.ltrans3.ltrans.o
                                                  build/obj/hal_pwm_lld.o (symbol from plugin)
                                                  C:\Users\CYIRKO~1\AppData\Local\Temp\ccYJVLXS.ltrans2.ltrans.o
                                                  C:\Users\CYIRKO~1\AppData\Local\Temp\ccYJVLXS.ltrans0.ltrans.o
                                                  build/obj/motCtrl.o (symbol from plugin)
                                                  build/obj/init_ADC.o (symbol from plugin)
PendSV_Handler                                    C:\Users\CYIRKO~1\AppData\Local\Temp\ccYJVLXS.ltrans1.ltrans.o
                                                  build/obj/vectors.o (symbol from plugin)
                                                  C:\Users\CYIRKO~1\AppData\Local\Temp\ccYJVLXS.ltrans2.ltrans.o
Power                                             build/obj/motCtrl.o (symbol from plugin)
Reset_Handler                                     build/obj/crt0_v7m.o
                                                  C:\Users\CYIRKO~1\AppData\Local\Temp\ccYJVLXS.ltrans2.ltrans.o
                                                  build/obj/vectors.o (symbol from plugin)
SD5                                               C:\Users\CYIRKO~1\AppData\Local\Temp\ccYJVLXS.ltrans0.ltrans.o
                                                  build/obj/hal_serial_lld.o (symbol from plugin)
                                                  C:\Users\CYIRKO~1\AppData\Local\Temp\ccYJVLXS.ltrans2.ltrans.o
                                                  build/obj/sonar_sensors.o (symbol from plugin)
SD6                                               C:\Users\CYIRKO~1\AppData\Local\Temp\ccYJVLXS.ltrans0.ltrans.o
                                                  build/obj/hal_serial_lld.o (symbol from plugin)
                                                  C:\Users\CYIRKO~1\AppData\Local\Temp\ccYJVLXS.ltrans2.ltrans.o
                                                  build/obj/sonar_sensors.o (symbol from plugin)
                                                  build/obj/main.o (symbol from plugin)
SD7                                               C:\Users\CYIRKO~1\AppData\Local\Temp\ccYJVLXS.ltrans3.ltrans.o
                                                  build/obj/hal_serial_lld.o (symbol from plugin)
                                                  C:\Users\CYIRKO~1\AppData\Local\Temp\ccYJVLXS.ltrans2.ltrans.o
                                                  C:\Users\CYIRKO~1\AppData\Local\Temp\ccYJVLXS.ltrans0.ltrans.o
                                                  build/obj/sonar_sensors.o (symbol from plugin)
                                                  build/obj/main.o (symbol from plugin)
SVC_Handler                                       C:\Users\CYIRKO~1\AppData\Local\Temp\ccYJVLXS.ltrans1.ltrans.o
                                                  build/obj/chcore_v7m.o (symbol from plugin)
                                                  build/obj/vectors.o (symbol from plugin)
                                                  C:\Users\CYIRKO~1\AppData\Local\Temp\ccYJVLXS.ltrans2.ltrans.o
Sort_Func                                         build/obj/sonar_sensors.o (symbol from plugin)
Speed                                             build/obj/motCtrl.o (symbol from plugin)
SpeedPWM                                          build/obj/motCtrl.o (symbol from plugin)
SysTick_Handler                                   build/obj/hal_st_lld.o (symbol from plugin)
                                                  build/obj/vectors.o (symbol from plugin)
SystemCoreClock                                   build/obj/hal_lld.o (symbol from plugin)
TURNING_WHEELS.lto_priv.44                        C:\Users\CYIRKO~1\AppData\Local\Temp\ccYJVLXS.ltrans3.ltrans.o
                                                  C:\Users\CYIRKO~1\AppData\Local\Temp\ccYJVLXS.ltrans0.ltrans.o
TurnMotor                                         build/obj/steering_wheel.o (symbol from plugin)
UsageFault_Handler                                C:\Users\CYIRKO~1\AppData\Local\Temp\ccYJVLXS.ltrans1.ltrans.o
                                                  build/obj/vectors.o (symbol from plugin)
                                                  C:\Users\CYIRKO~1\AppData\Local\Temp\ccYJVLXS.ltrans2.ltrans.o
Vector100                                         C:\Users\CYIRKO~1\AppData\Local\Temp\ccYJVLXS.ltrans1.ltrans.o
                                                  build/obj/vectors.o (symbol from plugin)
                                                  C:\Users\CYIRKO~1\AppData\Local\Temp\ccYJVLXS.ltrans2.ltrans.o
Vector104                                         C:\Users\CYIRKO~1\AppData\Local\Temp\ccYJVLXS.ltrans1.ltrans.o
                                                  build/obj/vectors.o (symbol from plugin)
                                                  C:\Users\CYIRKO~1\AppData\Local\Temp\ccYJVLXS.ltrans2.ltrans.o
Vector108                                         C:\Users\CYIRKO~1\AppData\Local\Temp\ccYJVLXS.ltrans1.ltrans.o
                                                  build/obj/vectors.o (symbol from plugin)
                                                  C:\Users\CYIRKO~1\AppData\Local\Temp\ccYJVLXS.ltrans2.ltrans.o
Vector10C                                         C:\Users\CYIRKO~1\AppData\Local\Temp\ccYJVLXS.ltrans1.ltrans.o
                                                  build/obj/vectors.o (symbol from plugin)
                                                  C:\Users\CYIRKO~1\AppData\Local\Temp\ccYJVLXS.ltrans2.ltrans.o
Vector110                                         C:\Users\CYIRKO~1\AppData\Local\Temp\ccYJVLXS.ltrans1.ltrans.o
                                                  build/obj/vectors.o (symbol from plugin)
                                                  C:\Users\CYIRKO~1\AppData\Local\Temp\ccYJVLXS.ltrans2.ltrans.o
Vector114                                         build/obj/hal_serial_lld.o (symbol from plugin)
                                                  build/obj/vectors.o (symbol from plugin)
Vector118                                         build/obj/hal_gpt_lld.o (symbol from plugin)
                                                  build/obj/vectors.o (symbol from plugin)
Vector11C                                         C:\Users\CYIRKO~1\AppData\Local\Temp\ccYJVLXS.ltrans1.ltrans.o
                                                  build/obj/vectors.o (symbol from plugin)
                                                  C:\Users\CYIRKO~1\AppData\Local\Temp\ccYJVLXS.ltrans2.ltrans.o
Vector120                                         build/obj/stm32_dma.o (symbol from plugin)
                                                  build/obj/vectors.o (symbol from plugin)
Vector124                                         build/obj/stm32_dma.o (symbol from plugin)
                                                  build/obj/vectors.o (symbol from plugin)
Vector128                                         build/obj/stm32_dma.o (symbol from plugin)
                                                  build/obj/vectors.o (symbol from plugin)
Vector12C                                         build/obj/stm32_dma.o (symbol from plugin)
                                                  build/obj/vectors.o (symbol from plugin)
Vector130                                         build/obj/stm32_dma.o (symbol from plugin)
                                                  build/obj/vectors.o (symbol from plugin)
Vector134                                         C:\Users\CYIRKO~1\AppData\Local\Temp\ccYJVLXS.ltrans1.ltrans.o
                                                  build/obj/vectors.o (symbol from plugin)
                                                  C:\Users\CYIRKO~1\AppData\Local\Temp\ccYJVLXS.ltrans2.ltrans.o
Vector138                                         C:\Users\CYIRKO~1\AppData\Local\Temp\ccYJVLXS.ltrans1.ltrans.o
                                                  build/obj/hal_ext_lld_isr.o (symbol from plugin)
                                                  build/obj/vectors.o (symbol from plugin)
                                                  C:\Users\CYIRKO~1\AppData\Local\Temp\ccYJVLXS.ltrans2.ltrans.o
Vector13C                                         C:\Users\CYIRKO~1\AppData\Local\Temp\ccYJVLXS.ltrans1.ltrans.o
                                                  build/obj/vectors.o (symbol from plugin)
                                                  C:\Users\CYIRKO~1\AppData\Local\Temp\ccYJVLXS.ltrans2.ltrans.o
Vector140                                         C:\Users\CYIRKO~1\AppData\Local\Temp\ccYJVLXS.ltrans1.ltrans.o
                                                  build/obj/vectors.o (symbol from plugin)
                                                  C:\Users\CYIRKO~1\AppData\Local\Temp\ccYJVLXS.ltrans2.ltrans.o
Vector144                                         C:\Users\CYIRKO~1\AppData\Local\Temp\ccYJVLXS.ltrans1.ltrans.o
                                                  build/obj/vectors.o (symbol from plugin)
                                                  C:\Users\CYIRKO~1\AppData\Local\Temp\ccYJVLXS.ltrans2.ltrans.o
Vector148                                         C:\Users\CYIRKO~1\AppData\Local\Temp\ccYJVLXS.ltrans1.ltrans.o
                                                  build/obj/vectors.o (symbol from plugin)
                                                  C:\Users\CYIRKO~1\AppData\Local\Temp\ccYJVLXS.ltrans2.ltrans.o
Vector14C                                         C:\Users\CYIRKO~1\AppData\Local\Temp\ccYJVLXS.ltrans1.ltrans.o
                                                  build/obj/vectors.o (symbol from plugin)
                                                  C:\Users\CYIRKO~1\AppData\Local\Temp\ccYJVLXS.ltrans2.ltrans.o
Vector150                                         build/obj/stm32_dma.o (symbol from plugin)
                                                  build/obj/vectors.o (symbol from plugin)
Vector154                                         build/obj/stm32_dma.o (symbol from plugin)
                                                  build/obj/vectors.o (symbol from plugin)
Vector158                                         build/obj/stm32_dma.o (symbol from plugin)
                                                  build/obj/vectors.o (symbol from plugin)
Vector15C                                         build/obj/hal_serial_lld.o (symbol from plugin)
                                                  build/obj/vectors.o (symbol from plugin)
Vector160                                         C:\Users\CYIRKO~1\AppData\Local\Temp\ccYJVLXS.ltrans1.ltrans.o
                                                  build/obj/vectors.o (symbol from plugin)
                                                  C:\Users\CYIRKO~1\AppData\Local\Temp\ccYJVLXS.ltrans2.ltrans.o
Vector164                                         C:\Users\CYIRKO~1\AppData\Local\Temp\ccYJVLXS.ltrans1.ltrans.o
                                                  build/obj/vectors.o (symbol from plugin)
                                                  C:\Users\CYIRKO~1\AppData\Local\Temp\ccYJVLXS.ltrans2.ltrans.o
Vector168                                         C:\Users\CYIRKO~1\AppData\Local\Temp\ccYJVLXS.ltrans1.ltrans.o
                                                  build/obj/vectors.o (symbol from plugin)
                                                  C:\Users\CYIRKO~1\AppData\Local\Temp\ccYJVLXS.ltrans2.ltrans.o